Wednesday, December 26, 18:14:40, 2018

                    CSLinker - Version 1.0.0.0
                    -------------------------------------------------------------

*******************************************************************************************************************************************************************************************************************************************************************************************************************************************************************************************************************************************************************************************************************
Global Symbol Name              Type             Bank             Value              Size                Filename
                                                                                                                                                                                                                                                                                                                                                                                                                                                                                                                   
CSCC_INT_FUNCTION_ADDRESS        ROM              ---              0000
CSCC_BANK0_INIT_TAB_START        ROM              ---              0000
CSCC_BANK0_INIT_TAB_SIZE         ROM              ---              0000
                                                                                                                                                                                                                                                                                                                                                                                                                                                                                                                   
*******************************************************************************************************************************************************************************************************************************************************************************************************************************************************************************************************************************************************************************************************************
Local Symbol Name               Type             Bank             Value              Size                Filename

AutoOnADH                        RAM               0               0089              0017                G:\Git\DemoAndLibCode\target_1186\SourceCode\V1.0.0\LIB_FOR_1186\Release\Sys_Main.obj
AutoOnADL                        RAM               0               008B              0017                G:\Git\DemoAndLibCode\target_1186\SourceCode\V1.0.0\LIB_FOR_1186\Release\Sys_Main.obj
AutoOnADM                        RAM               0               008A              0017                G:\Git\DemoAndLibCode\target_1186\SourceCode\V1.0.0\LIB_FOR_1186\Release\Sys_Main.obj
AutoOnWH                         RAM               0               008C              0017                G:\Git\DemoAndLibCode\target_1186\SourceCode\V1.0.0\LIB_FOR_1186\Release\Sys_Main.obj
AutoOnWL                         RAM               0               008E              0017                G:\Git\DemoAndLibCode\target_1186\SourceCode\V1.0.0\LIB_FOR_1186\Release\Sys_Main.obj
AutoOnWM                         RAM               0               008D              0017                G:\Git\DemoAndLibCode\target_1186\SourceCode\V1.0.0\LIB_FOR_1186\Release\Sys_Main.obj
CountH                           RAM               0               008F              0017                G:\Git\DemoAndLibCode\target_1186\SourceCode\V1.0.0\LIB_FOR_1186\Release\Sys_Main.obj
CountL                           RAM               0               0090              0017                G:\Git\DemoAndLibCode\target_1186\SourceCode\V1.0.0\LIB_FOR_1186\Release\Sys_Main.obj
DownADH                          RAM               0               0086              0017                G:\Git\DemoAndLibCode\target_1186\SourceCode\V1.0.0\LIB_FOR_1186\Release\Sys_Main.obj
DownADL                          RAM               0               0088              0017                G:\Git\DemoAndLibCode\target_1186\SourceCode\V1.0.0\LIB_FOR_1186\Release\Sys_Main.obj
DownADM                          RAM               0               0087              0017                G:\Git\DemoAndLibCode\target_1186\SourceCode\V1.0.0\LIB_FOR_1186\Release\Sys_Main.obj
REG0                             RAM               0               0093              0017                G:\Git\DemoAndLibCode\target_1186\SourceCode\V1.0.0\LIB_FOR_1186\Release\Sys_Main.obj
REG1                             RAM               0               0094              0017                G:\Git\DemoAndLibCode\target_1186\SourceCode\V1.0.0\LIB_FOR_1186\Release\Sys_Main.obj
REG2                             RAM               0               0095              0017                G:\Git\DemoAndLibCode\target_1186\SourceCode\V1.0.0\LIB_FOR_1186\Release\Sys_Main.obj
REG3                             RAM               0               0096              0017                G:\Git\DemoAndLibCode\target_1186\SourceCode\V1.0.0\LIB_FOR_1186\Release\Sys_Main.obj
SYS_MAIN_FLOW_CHK                ROM              ---              0007              0072                G:\Git\DemoAndLibCode\target_1186\SourceCode\V1.0.0\LIB_FOR_1186\Release\Sys_Main.obj
SYS_MAIN_FLOW_END                ROM              ---              0075              0072                G:\Git\DemoAndLibCode\target_1186\SourceCode\V1.0.0\LIB_FOR_1186\Release\Sys_Main.obj
SYS_MAIN_LOOP                    ROM              ---              0006              0072                G:\Git\DemoAndLibCode\target_1186\SourceCode\V1.0.0\LIB_FOR_1186\Release\Sys_Main.obj
SYS_MAIN_PowerOn                 ROM              ---              000D              0072                G:\Git\DemoAndLibCode\target_1186\SourceCode\V1.0.0\LIB_FOR_1186\Release\Sys_Main.obj
SYS_MAIN_PowerOn_END             ROM              ---              0026              0072                G:\Git\DemoAndLibCode\target_1186\SourceCode\V1.0.0\LIB_FOR_1186\Release\Sys_Main.obj
SYS_MAIN_Scale                   ROM              ---              0027              0072                G:\Git\DemoAndLibCode\target_1186\SourceCode\V1.0.0\LIB_FOR_1186\Release\Sys_Main.obj
SYS_MAIN_Scale_END               ROM              ---              0075              0072                G:\Git\DemoAndLibCode\target_1186\SourceCode\V1.0.0\LIB_FOR_1186\Release\Sys_Main.obj
SYS_RESET                        ROM              ---              0005              0072                G:\Git\DemoAndLibCode\target_1186\SourceCode\V1.0.0\LIB_FOR_1186\Release\Sys_Main.obj
SYS_RESET_PWR                    ROM              ---              0005              0072                G:\Git\DemoAndLibCode\target_1186\SourceCode\V1.0.0\LIB_FOR_1186\Release\Sys_Main.obj
SYS_RESET_Start                  ROM              ---              0005              0072                G:\Git\DemoAndLibCode\target_1186\SourceCode\V1.0.0\LIB_FOR_1186\Release\Sys_Main.obj
SYS_RESET_WDT                    ROM              ---              0005              0072                G:\Git\DemoAndLibCode\target_1186\SourceCode\V1.0.0\LIB_FOR_1186\Release\Sys_Main.obj
ScaleFlag1                       RAM               0               0092              0017                G:\Git\DemoAndLibCode\target_1186\SourceCode\V1.0.0\LIB_FOR_1186\Release\Sys_Main.obj
ScaleFlow                        RAM               0               0081              0017                G:\Git\DemoAndLibCode\target_1186\SourceCode\V1.0.0\LIB_FOR_1186\Release\Sys_Main.obj
ScaleGetZero_ENTRY               ROM              ---              0054              0072                G:\Git\DemoAndLibCode\target_1186\SourceCode\V1.0.0\LIB_FOR_1186\Release\Sys_Main.obj
ScaleGetZero_EXIT                ROM              ---              005B              0072                G:\Git\DemoAndLibCode\target_1186\SourceCode\V1.0.0\LIB_FOR_1186\Release\Sys_Main.obj
ScaleInit_ADC                    ROM              ---              0043              0072                G:\Git\DemoAndLibCode\target_1186\SourceCode\V1.0.0\LIB_FOR_1186\Release\Sys_Main.obj
ScaleInit_Entry                  ROM              ---              0039              0072                G:\Git\DemoAndLibCode\target_1186\SourceCode\V1.0.0\LIB_FOR_1186\Release\Sys_Main.obj
ScaleInit_INT                    ROM              ---              0050              0072                G:\Git\DemoAndLibCode\target_1186\SourceCode\V1.0.0\LIB_FOR_1186\Release\Sys_Main.obj
ScaleInit_IO                     ROM              ---              003A              0072                G:\Git\DemoAndLibCode\target_1186\SourceCode\V1.0.0\LIB_FOR_1186\Release\Sys_Main.obj
ScaleInit_LCD                    ROM              ---              0040              0072                G:\Git\DemoAndLibCode\target_1186\SourceCode\V1.0.0\LIB_FOR_1186\Release\Sys_Main.obj
ScaleInit_LO                     ROM              ---              0044              0072                G:\Git\DemoAndLibCode\target_1186\SourceCode\V1.0.0\LIB_FOR_1186\Release\Sys_Main.obj
ScaleInit_LoadParam              ROM              ---              0044              0072                G:\Git\DemoAndLibCode\target_1186\SourceCode\V1.0.0\LIB_FOR_1186\Release\Sys_Main.obj
ScaleInit_Power                  ROM              ---              003B              0072                G:\Git\DemoAndLibCode\target_1186\SourceCode\V1.0.0\LIB_FOR_1186\Release\Sys_Main.obj
ScaleInit_Ram_Zero               ROM              ---              003D              0072                G:\Git\DemoAndLibCode\target_1186\SourceCode\V1.0.0\LIB_FOR_1186\Release\Sys_Main.obj
ScaleInit_TIMER                  ROM              ---              0040              0072                G:\Git\DemoAndLibCode\target_1186\SourceCode\V1.0.0\LIB_FOR_1186\Release\Sys_Main.obj
ScaleInit_UART                   ROM              ---              0044              0072                G:\Git\DemoAndLibCode\target_1186\SourceCode\V1.0.0\LIB_FOR_1186\Release\Sys_Main.obj
ScaleMain_ADC                    ROM              ---              002B              0072                G:\Git\DemoAndLibCode\target_1186\SourceCode\V1.0.0\LIB_FOR_1186\Release\Sys_Main.obj
ScaleMain_ADC_END                ROM              ---              0031              0072                G:\Git\DemoAndLibCode\target_1186\SourceCode\V1.0.0\LIB_FOR_1186\Release\Sys_Main.obj
ScaleMain_AutoOff                ROM              ---              002B              0072                G:\Git\DemoAndLibCode\target_1186\SourceCode\V1.0.0\LIB_FOR_1186\Release\Sys_Main.obj
ScaleMain_AutoOff_END            ROM              ---              002B              0072                G:\Git\DemoAndLibCode\target_1186\SourceCode\V1.0.0\LIB_FOR_1186\Release\Sys_Main.obj
ScaleMain_BatChk                 ROM              ---              002B              0072                G:\Git\DemoAndLibCode\target_1186\SourceCode\V1.0.0\LIB_FOR_1186\Release\Sys_Main.obj
ScaleMain_BatChk_END             ROM              ---              002B              0072                G:\Git\DemoAndLibCode\target_1186\SourceCode\V1.0.0\LIB_FOR_1186\Release\Sys_Main.obj
ScaleMain_Cal                    ROM              ---              0074              0072                G:\Git\DemoAndLibCode\target_1186\SourceCode\V1.0.0\LIB_FOR_1186\Release\Sys_Main.obj
ScaleMain_Cal_END                ROM              ---              0074              0072                G:\Git\DemoAndLibCode\target_1186\SourceCode\V1.0.0\LIB_FOR_1186\Release\Sys_Main.obj
ScaleMain_Display                ROM              ---              0075              0072                G:\Git\DemoAndLibCode\target_1186\SourceCode\V1.0.0\LIB_FOR_1186\Release\Sys_Main.obj
ScaleMain_Display_END            ROM              ---              0075              0072                G:\Git\DemoAndLibCode\target_1186\SourceCode\V1.0.0\LIB_FOR_1186\Release\Sys_Main.obj
ScaleMain_Entry                  ROM              ---              0027              0072                G:\Git\DemoAndLibCode\target_1186\SourceCode\V1.0.0\LIB_FOR_1186\Release\Sys_Main.obj
ScaleMain_Flow_Chk               ROM              ---              0031              0072                G:\Git\DemoAndLibCode\target_1186\SourceCode\V1.0.0\LIB_FOR_1186\Release\Sys_Main.obj
ScaleMain_Flow_END               ROM              ---              0075              0072                G:\Git\DemoAndLibCode\target_1186\SourceCode\V1.0.0\LIB_FOR_1186\Release\Sys_Main.obj
ScaleMain_Init                   ROM              ---              0039              0072                G:\Git\DemoAndLibCode\target_1186\SourceCode\V1.0.0\LIB_FOR_1186\Release\Sys_Main.obj
ScaleMain_Init_END               ROM              ---              0053              0072                G:\Git\DemoAndLibCode\target_1186\SourceCode\V1.0.0\LIB_FOR_1186\Release\Sys_Main.obj
ScaleMain_Key                    ROM              ---              002B              0072                G:\Git\DemoAndLibCode\target_1186\SourceCode\V1.0.0\LIB_FOR_1186\Release\Sys_Main.obj
ScaleMain_Key_END                ROM              ---              002B              0072                G:\Git\DemoAndLibCode\target_1186\SourceCode\V1.0.0\LIB_FOR_1186\Release\Sys_Main.obj
ScaleMain_Timer                  ROM              ---              002B              0072                G:\Git\DemoAndLibCode\target_1186\SourceCode\V1.0.0\LIB_FOR_1186\Release\Sys_Main.obj
ScaleMain_Timer_END              ROM              ---              002B              0072                G:\Git\DemoAndLibCode\target_1186\SourceCode\V1.0.0\LIB_FOR_1186\Release\Sys_Main.obj
ScaleMain_Weight                 ROM              ---              005C              0072                G:\Git\DemoAndLibCode\target_1186\SourceCode\V1.0.0\LIB_FOR_1186\Release\Sys_Main.obj
ScaleMain_Weight_END             ROM              ---              0073              0072                G:\Git\DemoAndLibCode\target_1186\SourceCode\V1.0.0\LIB_FOR_1186\Release\Sys_Main.obj
ScaleMain_Zero                   ROM              ---              0054              0072                G:\Git\DemoAndLibCode\target_1186\SourceCode\V1.0.0\LIB_FOR_1186\Release\Sys_Main.obj
ScaleMain_Zero_END               ROM              ---              005B              0072                G:\Git\DemoAndLibCode\target_1186\SourceCode\V1.0.0\LIB_FOR_1186\Release\Sys_Main.obj
ScaleMain_powerSave              ROM              ---              0075              0072                G:\Git\DemoAndLibCode\target_1186\SourceCode\V1.0.0\LIB_FOR_1186\Release\Sys_Main.obj
ScaleMain_powerSave_END          ROM              ---              0075              0072                G:\Git\DemoAndLibCode\target_1186\SourceCode\V1.0.0\LIB_FOR_1186\Release\Sys_Main.obj
ScaleUnit                        RAM               0               0082              0017                G:\Git\DemoAndLibCode\target_1186\SourceCode\V1.0.0\LIB_FOR_1186\Release\Sys_Main.obj
Scale_Weight_CltCnt              ROM              ---              0070              0072                G:\Git\DemoAndLibCode\target_1186\SourceCode\V1.0.0\LIB_FOR_1186\Release\Sys_Main.obj
Scale_Weight_ENTRY               ROM              ---              005C              0072                G:\Git\DemoAndLibCode\target_1186\SourceCode\V1.0.0\LIB_FOR_1186\Release\Sys_Main.obj
Scale_Weight_EXIT                ROM              ---              0073              0072                G:\Git\DemoAndLibCode\target_1186\SourceCode\V1.0.0\LIB_FOR_1186\Release\Sys_Main.obj
Scale_Weight_GetCount            ROM              ---              005E              0072                G:\Git\DemoAndLibCode\target_1186\SourceCode\V1.0.0\LIB_FOR_1186\Release\Sys_Main.obj
Scale_Weight_LOCK                ROM              ---              0073              0072                G:\Git\DemoAndLibCode\target_1186\SourceCode\V1.0.0\LIB_FOR_1186\Release\Sys_Main.obj
Scale_Weight_LOCK_END            ROM              ---              0073              0072                G:\Git\DemoAndLibCode\target_1186\SourceCode\V1.0.0\LIB_FOR_1186\Release\Sys_Main.obj
Scale_Weight_LessStart           ROM              ---              006E              0072                G:\Git\DemoAndLibCode\target_1186\SourceCode\V1.0.0\LIB_FOR_1186\Release\Sys_Main.obj
Scale_Weight_MAX                 ROM              ---              0073              0072                G:\Git\DemoAndLibCode\target_1186\SourceCode\V1.0.0\LIB_FOR_1186\Release\Sys_Main.obj
Scale_Weight_MAX_END             ROM              ---              0073              0072                G:\Git\DemoAndLibCode\target_1186\SourceCode\V1.0.0\LIB_FOR_1186\Release\Sys_Main.obj
Scale_Weight_MEM                 ROM              ---              0073              0072                G:\Git\DemoAndLibCode\target_1186\SourceCode\V1.0.0\LIB_FOR_1186\Release\Sys_Main.obj
Scale_Weight_MEM_END             ROM              ---              0073              0072                G:\Git\DemoAndLibCode\target_1186\SourceCode\V1.0.0\LIB_FOR_1186\Release\Sys_Main.obj
Scale_Weight_NEG                 ROM              ---              0071              0072                G:\Git\DemoAndLibCode\target_1186\SourceCode\V1.0.0\LIB_FOR_1186\Release\Sys_Main.obj
Scale_Weight_NEG_END             ROM              ---              0073              0072                G:\Git\DemoAndLibCode\target_1186\SourceCode\V1.0.0\LIB_FOR_1186\Release\Sys_Main.obj
Scale_Weight_Start               ROM              ---              005F              0072                G:\Git\DemoAndLibCode\target_1186\SourceCode\V1.0.0\LIB_FOR_1186\Release\Sys_Main.obj
Scale_Weight_Start_END           ROM              ---              0071              0072                G:\Git\DemoAndLibCode\target_1186\SourceCode\V1.0.0\LIB_FOR_1186\Release\Sys_Main.obj
Scale_Weight_UNST                ROM              ---              0073              0072                G:\Git\DemoAndLibCode\target_1186\SourceCode\V1.0.0\LIB_FOR_1186\Release\Sys_Main.obj
Scale_Weight_UNST_END            ROM              ---              0073              0072                G:\Git\DemoAndLibCode\target_1186\SourceCode\V1.0.0\LIB_FOR_1186\Release\Sys_Main.obj
Scale_Weight_UpStart             ROM              ---              006F              0072                G:\Git\DemoAndLibCode\target_1186\SourceCode\V1.0.0\LIB_FOR_1186\Release\Sys_Main.obj
SysFlow                          RAM               0               0080              0017                G:\Git\DemoAndLibCode\target_1186\SourceCode\V1.0.0\LIB_FOR_1186\Release\Sys_Main.obj
Sys_PowerOn_ClrBank0             ROM              ---              0019              0072                G:\Git\DemoAndLibCode\target_1186\SourceCode\V1.0.0\LIB_FOR_1186\Release\Sys_Main.obj
Sys_PowerOn_ClrBank0_Loop        ROM              ---              001C              0072                G:\Git\DemoAndLibCode\target_1186\SourceCode\V1.0.0\LIB_FOR_1186\Release\Sys_Main.obj
Sys_PowerOn_ClrBank1             ROM              ---              001C              0072                G:\Git\DemoAndLibCode\target_1186\SourceCode\V1.0.0\LIB_FOR_1186\Release\Sys_Main.obj
Sys_PowerOn_ClrBank1_Loop        ROM              ---              001F              0072                G:\Git\DemoAndLibCode\target_1186\SourceCode\V1.0.0\LIB_FOR_1186\Release\Sys_Main.obj
Sys_PowerOn_Entry                ROM              ---              000D              0072                G:\Git\DemoAndLibCode\target_1186\SourceCode\V1.0.0\LIB_FOR_1186\Release\Sys_Main.obj
Sys_PowerOn_Exit                 ROM              ---              0022              0072                G:\Git\DemoAndLibCode\target_1186\SourceCode\V1.0.0\LIB_FOR_1186\Release\Sys_Main.obj
Sys_PowerOn_INIT_CLK             ROM              ---              000F              0072                G:\Git\DemoAndLibCode\target_1186\SourceCode\V1.0.0\LIB_FOR_1186\Release\Sys_Main.obj
Sys_PowerOn_IO                   ROM              ---              0018              0072                G:\Git\DemoAndLibCode\target_1186\SourceCode\V1.0.0\LIB_FOR_1186\Release\Sys_Main.obj
Sys_PowerOn_WDT                  ROM              ---              001F              0072                G:\Git\DemoAndLibCode\target_1186\SourceCode\V1.0.0\LIB_FOR_1186\Release\Sys_Main.obj
TrackCnt                         RAM               0               0091              0017                G:\Git\DemoAndLibCode\target_1186\SourceCode\V1.0.0\LIB_FOR_1186\Release\Sys_Main.obj
ZeroH                            RAM               0               0083              0017                G:\Git\DemoAndLibCode\target_1186\SourceCode\V1.0.0\LIB_FOR_1186\Release\Sys_Main.obj
ZeroL                            RAM               0               0085              0017                G:\Git\DemoAndLibCode\target_1186\SourceCode\V1.0.0\LIB_FOR_1186\Release\Sys_Main.obj
ZeroM                            RAM               0               0084              0017                G:\Git\DemoAndLibCode\target_1186\SourceCode\V1.0.0\LIB_FOR_1186\Release\Sys_Main.obj
Sys_PowerOn_ClrBank0             ROM              ---              0082              0015                G:\Git\DemoAndLibCode\target_1186\SourceCode\V1.0.0\LIB_FOR_1186\Release\Sys_PowerOn.obj
Sys_PowerOn_ClrBank0_Loop        ROM              ---              0085              0015                G:\Git\DemoAndLibCode\target_1186\SourceCode\V1.0.0\LIB_FOR_1186\Release\Sys_PowerOn.obj
Sys_PowerOn_ClrBank1             ROM              ---              0085              0015                G:\Git\DemoAndLibCode\target_1186\SourceCode\V1.0.0\LIB_FOR_1186\Release\Sys_PowerOn.obj
Sys_PowerOn_ClrBank1_Loop        ROM              ---              0088              0015                G:\Git\DemoAndLibCode\target_1186\SourceCode\V1.0.0\LIB_FOR_1186\Release\Sys_PowerOn.obj
Sys_PowerOn_Entry                ROM              ---              0076              0015                G:\Git\DemoAndLibCode\target_1186\SourceCode\V1.0.0\LIB_FOR_1186\Release\Sys_PowerOn.obj
Sys_PowerOn_Exit                 ROM              ---              008B              0015                G:\Git\DemoAndLibCode\target_1186\SourceCode\V1.0.0\LIB_FOR_1186\Release\Sys_PowerOn.obj
Sys_PowerOn_INIT_CLK             ROM              ---              0078              0015                G:\Git\DemoAndLibCode\target_1186\SourceCode\V1.0.0\LIB_FOR_1186\Release\Sys_PowerOn.obj
Sys_PowerOn_IO                   ROM              ---              0081              0015                G:\Git\DemoAndLibCode\target_1186\SourceCode\V1.0.0\LIB_FOR_1186\Release\Sys_PowerOn.obj
Sys_PowerOn_WDT                  ROM              ---              0088              0015                G:\Git\DemoAndLibCode\target_1186\SourceCode\V1.0.0\LIB_FOR_1186\Release\Sys_PowerOn.obj
User_ISR_ADC                     ROM              ---              008E              0006                G:\Git\DemoAndLibCode\target_1186\SourceCode\V1.0.0\LIB_FOR_1186\Release\user_ISR.obj
User_ISR_ADC0_END                ROM              ---              008E              0006                G:\Git\DemoAndLibCode\target_1186\SourceCode\V1.0.0\LIB_FOR_1186\Release\user_ISR.obj
User_ISR_INT0                    ROM              ---              008B              0006                G:\Git\DemoAndLibCode\target_1186\SourceCode\V1.0.0\LIB_FOR_1186\Release\user_ISR.obj
User_ISR_INT0_END                ROM              ---              008B              0006                G:\Git\DemoAndLibCode\target_1186\SourceCode\V1.0.0\LIB_FOR_1186\Release\user_ISR.obj
User_ISR_INT1                    ROM              ---              008C              0006                G:\Git\DemoAndLibCode\target_1186\SourceCode\V1.0.0\LIB_FOR_1186\Release\user_ISR.obj
User_ISR_INT1_END                ROM              ---              008C              0006                G:\Git\DemoAndLibCode\target_1186\SourceCode\V1.0.0\LIB_FOR_1186\Release\user_ISR.obj
User_ISR_TM                      ROM              ---              008D              0006                G:\Git\DemoAndLibCode\target_1186\SourceCode\V1.0.0\LIB_FOR_1186\Release\user_ISR.obj
User_ISR_TM_END                  ROM              ---              008D              0006                G:\Git\DemoAndLibCode\target_1186\SourceCode\V1.0.0\LIB_FOR_1186\Release\user_ISR.obj
User_ISR_URR                     ROM              ---              008F              0006                G:\Git\DemoAndLibCode\target_1186\SourceCode\V1.0.0\LIB_FOR_1186\Release\user_ISR.obj
User_ISR_URR_END                 ROM              ---              008F              0006                G:\Git\DemoAndLibCode\target_1186\SourceCode\V1.0.0\LIB_FOR_1186\Release\user_ISR.obj
User_ISR_URT                     ROM              ---              0090              0006                G:\Git\DemoAndLibCode\target_1186\SourceCode\V1.0.0\LIB_FOR_1186\Release\user_ISR.obj
User_ISR_URT_END                 ROM              ---              0090              0006                G:\Git\DemoAndLibCode\target_1186\SourceCode\V1.0.0\LIB_FOR_1186\Release\user_ISR.obj
Display1                         RAM               0               0097              0005                G:\Git\DemoAndLibCode\target_1186\SourceCode\V1.0.0\LIB_FOR_1186\Release\user_LCD.obj
Display2                         RAM               0               0098              0005                G:\Git\DemoAndLibCode\target_1186\SourceCode\V1.0.0\LIB_FOR_1186\Release\user_LCD.obj
Display3                         RAM               0               0099              0005                G:\Git\DemoAndLibCode\target_1186\SourceCode\V1.0.0\LIB_FOR_1186\Release\user_LCD.obj
Display4                         RAM               0               009A              0005                G:\Git\DemoAndLibCode\target_1186\SourceCode\V1.0.0\LIB_FOR_1186\Release\user_LCD.obj
Display5                         RAM               0               009B              0005                G:\Git\DemoAndLibCode\target_1186\SourceCode\V1.0.0\LIB_FOR_1186\Release\user_LCD.obj
Fun_LCD_CommBuff                 ROM              ---              0094              0048                G:\Git\DemoAndLibCode\target_1186\SourceCode\V1.0.0\LIB_FOR_1186\Release\user_LCD.obj
Fun_LCD_ResetAllBuf              ROM              ---              0093              0048                G:\Git\DemoAndLibCode\target_1186\SourceCode\V1.0.0\LIB_FOR_1186\Release\user_LCD.obj
Fun_LCD_SetAllBuf                ROM              ---              0091              0048                G:\Git\DemoAndLibCode\target_1186\SourceCode\V1.0.0\LIB_FOR_1186\Release\user_LCD.obj
Fun_LCD_USER_SetBits             ROM              ---              009A              0048                G:\Git\DemoAndLibCode\target_1186\SourceCode\V1.0.0\LIB_FOR_1186\Release\user_LCD.obj
Fun_LCD_USER_SetBits_END         ROM              ---              00D8              0048                G:\Git\DemoAndLibCode\target_1186\SourceCode\V1.0.0\LIB_FOR_1186\Release\user_LCD.obj
ScaleGetZero_ENTRY               ROM              ---              00D9              0007                G:\Git\DemoAndLibCode\target_1186\SourceCode\V1.0.0\LIB_FOR_1186\Release\ScaleGetZero.obj
ScaleGetZero_EXIT                ROM              ---              00E0              0007                G:\Git\DemoAndLibCode\target_1186\SourceCode\V1.0.0\LIB_FOR_1186\Release\ScaleGetZero.obj
Scale_Weight_CltCnt              ROM              ---              00F4              0017                G:\Git\DemoAndLibCode\target_1186\SourceCode\V1.0.0\LIB_FOR_1186\Release\ScaleHandle_Weight.obj
Scale_Weight_ENTRY               ROM              ---              00E0              0017                G:\Git\DemoAndLibCode\target_1186\SourceCode\V1.0.0\LIB_FOR_1186\Release\ScaleHandle_Weight.obj
Scale_Weight_EXIT                ROM              ---              00F7              0017                G:\Git\DemoAndLibCode\target_1186\SourceCode\V1.0.0\LIB_FOR_1186\Release\ScaleHandle_Weight.obj
Scale_Weight_GetCount            ROM              ---              00E2              0017                G:\Git\DemoAndLibCode\target_1186\SourceCode\V1.0.0\LIB_FOR_1186\Release\ScaleHandle_Weight.obj
Scale_Weight_LOCK                ROM              ---              00F7              0017                G:\Git\DemoAndLibCode\target_1186\SourceCode\V1.0.0\LIB_FOR_1186\Release\ScaleHandle_Weight.obj
Scale_Weight_LOCK_END            ROM              ---              00F7              0017                G:\Git\DemoAndLibCode\target_1186\SourceCode\V1.0.0\LIB_FOR_1186\Release\ScaleHandle_Weight.obj
Scale_Weight_LessStart           ROM              ---              00F2              0017                G:\Git\DemoAndLibCode\target_1186\SourceCode\V1.0.0\LIB_FOR_1186\Release\ScaleHandle_Weight.obj
Scale_Weight_MAX                 ROM              ---              00F7              0017                G:\Git\DemoAndLibCode\target_1186\SourceCode\V1.0.0\LIB_FOR_1186\Release\ScaleHandle_Weight.obj
Scale_Weight_MAX_END             ROM              ---              00F7              0017                G:\Git\DemoAndLibCode\target_1186\SourceCode\V1.0.0\LIB_FOR_1186\Release\ScaleHandle_Weight.obj
Scale_Weight_MEM                 ROM              ---              00F7              0017                G:\Git\DemoAndLibCode\target_1186\SourceCode\V1.0.0\LIB_FOR_1186\Release\ScaleHandle_Weight.obj
Scale_Weight_MEM_END             ROM              ---              00F7              0017                G:\Git\DemoAndLibCode\target_1186\SourceCode\V1.0.0\LIB_FOR_1186\Release\ScaleHandle_Weight.obj
Scale_Weight_NEG                 ROM              ---              00F5              0017                G:\Git\DemoAndLibCode\target_1186\SourceCode\V1.0.0\LIB_FOR_1186\Release\ScaleHandle_Weight.obj
Scale_Weight_NEG_END             ROM              ---              00F7              0017                G:\Git\DemoAndLibCode\target_1186\SourceCode\V1.0.0\LIB_FOR_1186\Release\ScaleHandle_Weight.obj
Scale_Weight_Start               ROM              ---              00E3              0017                G:\Git\DemoAndLibCode\target_1186\SourceCode\V1.0.0\LIB_FOR_1186\Release\ScaleHandle_Weight.obj
Scale_Weight_Start_END           ROM              ---              00F5              0017                G:\Git\DemoAndLibCode\target_1186\SourceCode\V1.0.0\LIB_FOR_1186\Release\ScaleHandle_Weight.obj
Scale_Weight_UNST                ROM              ---              00F7              0017                G:\Git\DemoAndLibCode\target_1186\SourceCode\V1.0.0\LIB_FOR_1186\Release\ScaleHandle_Weight.obj
Scale_Weight_UNST_END            ROM              ---              00F7              0017                G:\Git\DemoAndLibCode\target_1186\SourceCode\V1.0.0\LIB_FOR_1186\Release\ScaleHandle_Weight.obj
Scale_Weight_UpStart             ROM              ---              00F3              0017                G:\Git\DemoAndLibCode\target_1186\SourceCode\V1.0.0\LIB_FOR_1186\Release\ScaleHandle_Weight.obj
ScaleInit_ADC                    ROM              ---              0101              0018                G:\Git\DemoAndLibCode\target_1186\SourceCode\V1.0.0\LIB_FOR_1186\Release\ScaleInit.obj
ScaleInit_Entry                  ROM              ---              00F7              0018                G:\Git\DemoAndLibCode\target_1186\SourceCode\V1.0.0\LIB_FOR_1186\Release\ScaleInit.obj
ScaleInit_INT                    ROM              ---              010E              0018                G:\Git\DemoAndLibCode\target_1186\SourceCode\V1.0.0\LIB_FOR_1186\Release\ScaleInit.obj
ScaleInit_IO                     ROM              ---              00F8              0018                G:\Git\DemoAndLibCode\target_1186\SourceCode\V1.0.0\LIB_FOR_1186\Release\ScaleInit.obj
ScaleInit_LCD                    ROM              ---              00FE              0018                G:\Git\DemoAndLibCode\target_1186\SourceCode\V1.0.0\LIB_FOR_1186\Release\ScaleInit.obj
ScaleInit_LO                     ROM              ---              0102              0018                G:\Git\DemoAndLibCode\target_1186\SourceCode\V1.0.0\LIB_FOR_1186\Release\ScaleInit.obj
ScaleInit_LoadParam              ROM              ---              0102              0018                G:\Git\DemoAndLibCode\target_1186\SourceCode\V1.0.0\LIB_FOR_1186\Release\ScaleInit.obj
ScaleInit_Power                  ROM              ---              00F9              0018                G:\Git\DemoAndLibCode\target_1186\SourceCode\V1.0.0\LIB_FOR_1186\Release\ScaleInit.obj
ScaleInit_Ram_Zero               ROM              ---              00FB              0018                G:\Git\DemoAndLibCode\target_1186\SourceCode\V1.0.0\LIB_FOR_1186\Release\ScaleInit.obj
ScaleInit_TIMER                  ROM              ---              00FE              0018                G:\Git\DemoAndLibCode\target_1186\SourceCode\V1.0.0\LIB_FOR_1186\Release\ScaleInit.obj
ScaleInit_UART                   ROM              ---              0102              0018                G:\Git\DemoAndLibCode\target_1186\SourceCode\V1.0.0\LIB_FOR_1186\Release\ScaleInit.obj
ScaleGetZero_ENTRY               ROM              ---              013C              004E                G:\Git\DemoAndLibCode\target_1186\SourceCode\V1.0.0\LIB_FOR_1186\Release\ScaleMain.obj
ScaleGetZero_EXIT                ROM              ---              0143              004E                G:\Git\DemoAndLibCode\target_1186\SourceCode\V1.0.0\LIB_FOR_1186\Release\ScaleMain.obj
ScaleInit_ADC                    ROM              ---              012B              004E                G:\Git\DemoAndLibCode\target_1186\SourceCode\V1.0.0\LIB_FOR_1186\Release\ScaleMain.obj
ScaleInit_Entry                  ROM              ---              0121              004E                G:\Git\DemoAndLibCode\target_1186\SourceCode\V1.0.0\LIB_FOR_1186\Release\ScaleMain.obj
ScaleInit_INT                    ROM              ---              0138              004E                G:\Git\DemoAndLibCode\target_1186\SourceCode\V1.0.0\LIB_FOR_1186\Release\ScaleMain.obj
ScaleInit_IO                     ROM              ---              0122              004E                G:\Git\DemoAndLibCode\target_1186\SourceCode\V1.0.0\LIB_FOR_1186\Release\ScaleMain.obj
ScaleInit_LCD                    ROM              ---              0128              004E                G:\Git\DemoAndLibCode\target_1186\SourceCode\V1.0.0\LIB_FOR_1186\Release\ScaleMain.obj
ScaleInit_LO                     ROM              ---              012C              004E                G:\Git\DemoAndLibCode\target_1186\SourceCode\V1.0.0\LIB_FOR_1186\Release\ScaleMain.obj
ScaleInit_LoadParam              ROM              ---              012C              004E                G:\Git\DemoAndLibCode\target_1186\SourceCode\V1.0.0\LIB_FOR_1186\Release\ScaleMain.obj
ScaleInit_Power                  ROM              ---              0123              004E                G:\Git\DemoAndLibCode\target_1186\SourceCode\V1.0.0\LIB_FOR_1186\Release\ScaleMain.obj
ScaleInit_Ram_Zero               ROM              ---              0125              004E                G:\Git\DemoAndLibCode\target_1186\SourceCode\V1.0.0\LIB_FOR_1186\Release\ScaleMain.obj
ScaleInit_TIMER                  ROM              ---              0128              004E                G:\Git\DemoAndLibCode\target_1186\SourceCode\V1.0.0\LIB_FOR_1186\Release\ScaleMain.obj
ScaleInit_UART                   ROM              ---              012C              004E                G:\Git\DemoAndLibCode\target_1186\SourceCode\V1.0.0\LIB_FOR_1186\Release\ScaleMain.obj
ScaleMain_ADC                    ROM              ---              0113              004E                G:\Git\DemoAndLibCode\target_1186\SourceCode\V1.0.0\LIB_FOR_1186\Release\ScaleMain.obj
ScaleMain_ADC_END                ROM              ---              0119              004E                G:\Git\DemoAndLibCode\target_1186\SourceCode\V1.0.0\LIB_FOR_1186\Release\ScaleMain.obj
ScaleMain_AutoOff                ROM              ---              0113              004E                G:\Git\DemoAndLibCode\target_1186\SourceCode\V1.0.0\LIB_FOR_1186\Release\ScaleMain.obj
ScaleMain_AutoOff_END            ROM              ---              0113              004E                G:\Git\DemoAndLibCode\target_1186\SourceCode\V1.0.0\LIB_FOR_1186\Release\ScaleMain.obj
ScaleMain_BatChk                 ROM              ---              0113              004E                G:\Git\DemoAndLibCode\target_1186\SourceCode\V1.0.0\LIB_FOR_1186\Release\ScaleMain.obj
ScaleMain_BatChk_END             ROM              ---              0113              004E                G:\Git\DemoAndLibCode\target_1186\SourceCode\V1.0.0\LIB_FOR_1186\Release\ScaleMain.obj
ScaleMain_Cal                    ROM              ---              015C              004E                G:\Git\DemoAndLibCode\target_1186\SourceCode\V1.0.0\LIB_FOR_1186\Release\ScaleMain.obj
ScaleMain_Cal_END                ROM              ---              015C              004E                G:\Git\DemoAndLibCode\target_1186\SourceCode\V1.0.0\LIB_FOR_1186\Release\ScaleMain.obj
ScaleMain_Display                ROM              ---              015D              004E                G:\Git\DemoAndLibCode\target_1186\SourceCode\V1.0.0\LIB_FOR_1186\Release\ScaleMain.obj
ScaleMain_Display_END            ROM              ---              015D              004E                G:\Git\DemoAndLibCode\target_1186\SourceCode\V1.0.0\LIB_FOR_1186\Release\ScaleMain.obj
ScaleMain_Entry                  ROM              ---              010F              004E                G:\Git\DemoAndLibCode\target_1186\SourceCode\V1.0.0\LIB_FOR_1186\Release\ScaleMain.obj
ScaleMain_Flow_Chk               ROM              ---              0119              004E                G:\Git\DemoAndLibCode\target_1186\SourceCode\V1.0.0\LIB_FOR_1186\Release\ScaleMain.obj
ScaleMain_Flow_END               ROM              ---              015D              004E                G:\Git\DemoAndLibCode\target_1186\SourceCode\V1.0.0\LIB_FOR_1186\Release\ScaleMain.obj
ScaleMain_Init                   ROM              ---              0121              004E                G:\Git\DemoAndLibCode\target_1186\SourceCode\V1.0.0\LIB_FOR_1186\Release\ScaleMain.obj
ScaleMain_Init_END               ROM              ---              013B              004E                G:\Git\DemoAndLibCode\target_1186\SourceCode\V1.0.0\LIB_FOR_1186\Release\ScaleMain.obj
ScaleMain_Key                    ROM              ---              0113              004E                G:\Git\DemoAndLibCode\target_1186\SourceCode\V1.0.0\LIB_FOR_1186\Release\ScaleMain.obj
ScaleMain_Key_END                ROM              ---              0113              004E                G:\Git\DemoAndLibCode\target_1186\SourceCode\V1.0.0\LIB_FOR_1186\Release\ScaleMain.obj
ScaleMain_Timer                  ROM              ---              0113              004E                G:\Git\DemoAndLibCode\target_1186\SourceCode\V1.0.0\LIB_FOR_1186\Release\ScaleMain.obj
ScaleMain_Timer_END              ROM              ---              0113              004E                G:\Git\DemoAndLibCode\target_1186\SourceCode\V1.0.0\LIB_FOR_1186\Release\ScaleMain.obj
ScaleMain_Weight                 ROM              ---              0144              004E                G:\Git\DemoAndLibCode\target_1186\SourceCode\V1.0.0\LIB_FOR_1186\Release\ScaleMain.obj
ScaleMain_Weight_END             ROM              ---              015B              004E                G:\Git\DemoAndLibCode\target_1186\SourceCode\V1.0.0\LIB_FOR_1186\Release\ScaleMain.obj
ScaleMain_Zero                   ROM              ---              013C              004E                G:\Git\DemoAndLibCode\target_1186\SourceCode\V1.0.0\LIB_FOR_1186\Release\ScaleMain.obj
ScaleMain_Zero_END               ROM              ---              0143              004E                G:\Git\DemoAndLibCode\target_1186\SourceCode\V1.0.0\LIB_FOR_1186\Release\ScaleMain.obj
ScaleMain_powerSave              ROM              ---              015D              004E                G:\Git\DemoAndLibCode\target_1186\SourceCode\V1.0.0\LIB_FOR_1186\Release\ScaleMain.obj
ScaleMain_powerSave_END          ROM              ---              015D              004E                G:\Git\DemoAndLibCode\target_1186\SourceCode\V1.0.0\LIB_FOR_1186\Release\ScaleMain.obj
Scale_Weight_CltCnt              ROM              ---              0158              004E                G:\Git\DemoAndLibCode\target_1186\SourceCode\V1.0.0\LIB_FOR_1186\Release\ScaleMain.obj
Scale_Weight_ENTRY               ROM              ---              0144              004E                G:\Git\DemoAndLibCode\target_1186\SourceCode\V1.0.0\LIB_FOR_1186\Release\ScaleMain.obj
Scale_Weight_EXIT                ROM              ---              015B              004E                G:\Git\DemoAndLibCode\target_1186\SourceCode\V1.0.0\LIB_FOR_1186\Release\ScaleMain.obj
Scale_Weight_GetCount            ROM              ---              0146              004E                G:\Git\DemoAndLibCode\target_1186\SourceCode\V1.0.0\LIB_FOR_1186\Release\ScaleMain.obj
Scale_Weight_LOCK                ROM              ---              015B              004E                G:\Git\DemoAndLibCode\target_1186\SourceCode\V1.0.0\LIB_FOR_1186\Release\ScaleMain.obj
Scale_Weight_LOCK_END            ROM              ---              015B              004E                G:\Git\DemoAndLibCode\target_1186\SourceCode\V1.0.0\LIB_FOR_1186\Release\ScaleMain.obj
Scale_Weight_LessStart           ROM              ---              0156              004E                G:\Git\DemoAndLibCode\target_1186\SourceCode\V1.0.0\LIB_FOR_1186\Release\ScaleMain.obj
Scale_Weight_MAX                 ROM              ---              015B              004E                G:\Git\DemoAndLibCode\target_1186\SourceCode\V1.0.0\LIB_FOR_1186\Release\ScaleMain.obj
Scale_Weight_MAX_END             ROM              ---              015B              004E                G:\Git\DemoAndLibCode\target_1186\SourceCode\V1.0.0\LIB_FOR_1186\Release\ScaleMain.obj
Scale_Weight_MEM                 ROM              ---              015B              004E                G:\Git\DemoAndLibCode\target_1186\SourceCode\V1.0.0\LIB_FOR_1186\Release\ScaleMain.obj
Scale_Weight_MEM_END             ROM              ---              015B              004E                G:\Git\DemoAndLibCode\target_1186\SourceCode\V1.0.0\LIB_FOR_1186\Release\ScaleMain.obj
Scale_Weight_NEG                 ROM              ---              0159              004E                G:\Git\DemoAndLibCode\target_1186\SourceCode\V1.0.0\LIB_FOR_1186\Release\ScaleMain.obj
Scale_Weight_NEG_END             ROM              ---              015B              004E                G:\Git\DemoAndLibCode\target_1186\SourceCode\V1.0.0\LIB_FOR_1186\Release\ScaleMain.obj
Scale_Weight_Start               ROM              ---              0147              004E                G:\Git\DemoAndLibCode\target_1186\SourceCode\V1.0.0\LIB_FOR_1186\Release\ScaleMain.obj
Scale_Weight_Start_END           ROM              ---              0159              004E                G:\Git\DemoAndLibCode\target_1186\SourceCode\V1.0.0\LIB_FOR_1186\Release\ScaleMain.obj
Scale_Weight_UNST                ROM              ---              015B              004E                G:\Git\DemoAndLibCode\target_1186\SourceCode\V1.0.0\LIB_FOR_1186\Release\ScaleMain.obj
Scale_Weight_UNST_END            ROM              ---              015B              004E                G:\Git\DemoAndLibCode\target_1186\SourceCode\V1.0.0\LIB_FOR_1186\Release\ScaleMain.obj
Scale_Weight_UpStart             ROM              ---              0157              004E                G:\Git\DemoAndLibCode\target_1186\SourceCode\V1.0.0\LIB_FOR_1186\Release\ScaleMain.obj
W_CAL1_ADC_H                     RAM               0               009C              0006                G:\Git\DemoAndLibCode\target_1186\SourceCode\V1.0.0\LIB_FOR_1186\Release\lib_3weightCal.obj
W_CAL1_ADC_L                     RAM               0               009D              0006                G:\Git\DemoAndLibCode\target_1186\SourceCode\V1.0.0\LIB_FOR_1186\Release\lib_3weightCal.obj
W_CAL2_ADC_H                     RAM               0               009E              0006                G:\Git\DemoAndLibCode\target_1186\SourceCode\V1.0.0\LIB_FOR_1186\Release\lib_3weightCal.obj
W_CAL2_ADC_L                     RAM               0               009F              0006                G:\Git\DemoAndLibCode\target_1186\SourceCode\V1.0.0\LIB_FOR_1186\Release\lib_3weightCal.obj
W_CAL3_ADC_H                     RAM               0               00A0              0006                G:\Git\DemoAndLibCode\target_1186\SourceCode\V1.0.0\LIB_FOR_1186\Release\lib_3weightCal.obj
W_CAL3_ADC_L                     RAM               0               00A1              0006                G:\Git\DemoAndLibCode\target_1186\SourceCode\V1.0.0\LIB_FOR_1186\Release\lib_3weightCal.obj
ADRamH                           RAM               0               00B4              001C                G:\Git\DemoAndLibCode\target_1186\SourceCode\V1.0.0\LIB_FOR_1186\Release\lib_adc.obj
ADRamL                           RAM               0               00B6              001C                G:\Git\DemoAndLibCode\target_1186\SourceCode\V1.0.0\LIB_FOR_1186\Release\lib_adc.obj
ADRamM                           RAM               0               00B5              001C                G:\Git\DemoAndLibCode\target_1186\SourceCode\V1.0.0\LIB_FOR_1186\Release\lib_adc.obj
AD_Temp0                         RAM               0               00B7              001C                G:\Git\DemoAndLibCode\target_1186\SourceCode\V1.0.0\LIB_FOR_1186\Release\lib_adc.obj
AD_Temp1                         RAM               0               00B8              001C                G:\Git\DemoAndLibCode\target_1186\SourceCode\V1.0.0\LIB_FOR_1186\Release\lib_adc.obj
AD_Temp2                         RAM               0               00B9              001C                G:\Git\DemoAndLibCode\target_1186\SourceCode\V1.0.0\LIB_FOR_1186\Release\lib_adc.obj
AD_Temp3                         RAM               0               00BA              001C                G:\Git\DemoAndLibCode\target_1186\SourceCode\V1.0.0\LIB_FOR_1186\Release\lib_adc.obj
AdcCount                         RAM               0               00BB              001C                G:\Git\DemoAndLibCode\target_1186\SourceCode\V1.0.0\LIB_FOR_1186\Release\lib_adc.obj
AdcSampleTimes                   RAM               0               00BC              001C                G:\Git\DemoAndLibCode\target_1186\SourceCode\V1.0.0\LIB_FOR_1186\Release\lib_adc.obj
AdcStableCount                   RAM               0               00BD              001C                G:\Git\DemoAndLibCode\target_1186\SourceCode\V1.0.0\LIB_FOR_1186\Release\lib_adc.obj
Fun_ADC_Close                    ROM              ---              01E9              0090                G:\Git\DemoAndLibCode\target_1186\SourceCode\V1.0.0\LIB_FOR_1186\Release\lib_adc.obj
Fun_ADC_Init                     ROM              ---              01DB              0090                G:\Git\DemoAndLibCode\target_1186\SourceCode\V1.0.0\LIB_FOR_1186\Release\lib_adc.obj
Fun_ADC_ProStart                 ROM              ---              01E4              0090                G:\Git\DemoAndLibCode\target_1186\SourceCode\V1.0.0\LIB_FOR_1186\Release\lib_adc.obj
Fun_ProcAdc                      ROM              ---              015D              0090                G:\Git\DemoAndLibCode\target_1186\SourceCode\V1.0.0\LIB_FOR_1186\Release\lib_adc.obj
H_DATA                           RAM               0               00A8              001C                G:\Git\DemoAndLibCode\target_1186\SourceCode\V1.0.0\LIB_FOR_1186\Release\lib_adc.obj
H_DATAA                          RAM               0               00AB              001C                G:\Git\DemoAndLibCode\target_1186\SourceCode\V1.0.0\LIB_FOR_1186\Release\lib_adc.obj
H_DATAB                          RAM               0               00AE              001C                G:\Git\DemoAndLibCode\target_1186\SourceCode\V1.0.0\LIB_FOR_1186\Release\lib_adc.obj
H_DATAC                          RAM               0               00B1              001C                G:\Git\DemoAndLibCode\target_1186\SourceCode\V1.0.0\LIB_FOR_1186\Release\lib_adc.obj
H_DR                             RAM               0               00A2              001C                G:\Git\DemoAndLibCode\target_1186\SourceCode\V1.0.0\LIB_FOR_1186\Release\lib_adc.obj
H_DRBuf                          RAM               0               00A5              001C                G:\Git\DemoAndLibCode\target_1186\SourceCode\V1.0.0\LIB_FOR_1186\Release\lib_adc.obj
L_DATA                           RAM               0               00AA              001C                G:\Git\DemoAndLibCode\target_1186\SourceCode\V1.0.0\LIB_FOR_1186\Release\lib_adc.obj
L_DATAA                          RAM               0               00AD              001C                G:\Git\DemoAndLibCode\target_1186\SourceCode\V1.0.0\LIB_FOR_1186\Release\lib_adc.obj
L_DATAB                          RAM               0               00B0              001C                G:\Git\DemoAndLibCode\target_1186\SourceCode\V1.0.0\LIB_FOR_1186\Release\lib_adc.obj
L_DATAC                          RAM               0               00B3              001C                G:\Git\DemoAndLibCode\target_1186\SourceCode\V1.0.0\LIB_FOR_1186\Release\lib_adc.obj
L_DR                             RAM               0               00A4              001C                G:\Git\DemoAndLibCode\target_1186\SourceCode\V1.0.0\LIB_FOR_1186\Release\lib_adc.obj
L_DRBuf                          RAM               0               00A7              001C                G:\Git\DemoAndLibCode\target_1186\SourceCode\V1.0.0\LIB_FOR_1186\Release\lib_adc.obj
M_DATA                           RAM               0               00A9              001C                G:\Git\DemoAndLibCode\target_1186\SourceCode\V1.0.0\LIB_FOR_1186\Release\lib_adc.obj
M_DATAA                          RAM               0               00AC              001C                G:\Git\DemoAndLibCode\target_1186\SourceCode\V1.0.0\LIB_FOR_1186\Release\lib_adc.obj
M_DATAB                          RAM               0               00AF              001C                G:\Git\DemoAndLibCode\target_1186\SourceCode\V1.0.0\LIB_FOR_1186\Release\lib_adc.obj
M_DATAC                          RAM               0               00B2              001C                G:\Git\DemoAndLibCode\target_1186\SourceCode\V1.0.0\LIB_FOR_1186\Release\lib_adc.obj
M_DR                             RAM               0               00A3              001C                G:\Git\DemoAndLibCode\target_1186\SourceCode\V1.0.0\LIB_FOR_1186\Release\lib_adc.obj
M_DRBuf                          RAM               0               00A6              001C                G:\Git\DemoAndLibCode\target_1186\SourceCode\V1.0.0\LIB_FOR_1186\Release\lib_adc.obj
ProcAdc_End                      ROM              ---              01DA              0090                G:\Git\DemoAndLibCode\target_1186\SourceCode\V1.0.0\LIB_FOR_1186\Release\lib_adc.obj
Proc_Adc1                        ROM              ---              01A5              0090                G:\Git\DemoAndLibCode\target_1186\SourceCode\V1.0.0\LIB_FOR_1186\Release\lib_adc.obj
Proc_Adc2                        ROM              ---              01B4              0090                G:\Git\DemoAndLibCode\target_1186\SourceCode\V1.0.0\LIB_FOR_1186\Release\lib_adc.obj
Proc_Adc_UnStable                ROM              ---              01D8              0090                G:\Git\DemoAndLibCode\target_1186\SourceCode\V1.0.0\LIB_FOR_1186\Release\lib_adc.obj
_ProcAdc0                        ROM              ---              0175              0090                G:\Git\DemoAndLibCode\target_1186\SourceCode\V1.0.0\LIB_FOR_1186\Release\lib_adc.obj
CalDot1H                         RAM               0               00C0              0008                G:\Git\DemoAndLibCode\target_1186\SourceCode\V1.0.0\LIB_FOR_1186\Release\lib_GetCount.obj
CalDot1L                         RAM               0               00C1              0008                G:\Git\DemoAndLibCode\target_1186\SourceCode\V1.0.0\LIB_FOR_1186\Release\lib_GetCount.obj
CalDot2H                         RAM               0               00C2              0008                G:\Git\DemoAndLibCode\target_1186\SourceCode\V1.0.0\LIB_FOR_1186\Release\lib_GetCount.obj
CalDot2L                         RAM               0               00C3              0008                G:\Git\DemoAndLibCode\target_1186\SourceCode\V1.0.0\LIB_FOR_1186\Release\lib_GetCount.obj
CalDot3H                         RAM               0               00C4              0008                G:\Git\DemoAndLibCode\target_1186\SourceCode\V1.0.0\LIB_FOR_1186\Release\lib_GetCount.obj
CalDot3L                         RAM               0               00C5              0008                G:\Git\DemoAndLibCode\target_1186\SourceCode\V1.0.0\LIB_FOR_1186\Release\lib_GetCount.obj
Fun_GetCount                     ROM              ---              01ED              0059                G:\Git\DemoAndLibCode\target_1186\SourceCode\V1.0.0\LIB_FOR_1186\Release\lib_GetCount.obj
GetCount1                        ROM              ---              0216              0059                G:\Git\DemoAndLibCode\target_1186\SourceCode\V1.0.0\LIB_FOR_1186\Release\lib_GetCount.obj
GetCount2                        ROM              ---              0221              0059                G:\Git\DemoAndLibCode\target_1186\SourceCode\V1.0.0\LIB_FOR_1186\Release\lib_GetCount.obj
GetCount_COM                     ROM              ---              0231              0059                G:\Git\DemoAndLibCode\target_1186\SourceCode\V1.0.0\LIB_FOR_1186\Release\lib_GetCount.obj
GetCount_End                     ROM              ---              0245              0059                G:\Git\DemoAndLibCode\target_1186\SourceCode\V1.0.0\LIB_FOR_1186\Release\lib_GetCount.obj
W_CAL_ADC_H                      RAM               0               00BE              0008                G:\Git\DemoAndLibCode\target_1186\SourceCode\V1.0.0\LIB_FOR_1186\Release\lib_GetCount.obj
W_CAL_ADC_L                      RAM               0               00BF              0008                G:\Git\DemoAndLibCode\target_1186\SourceCode\V1.0.0\LIB_FOR_1186\Release\lib_GetCount.obj
Fun_CurAD_Sub_ZeroAD             ROM              ---              0293              005A                G:\Git\DemoAndLibCode\target_1186\SourceCode\V1.0.0\LIB_FOR_1186\Release\lib_utiliy.obj
Fun_Delay_1                      ROM              ---              0258              005A                G:\Git\DemoAndLibCode\target_1186\SourceCode\V1.0.0\LIB_FOR_1186\Release\lib_utiliy.obj
Fun_Delay_100MS                  ROM              ---              0246              005A                G:\Git\DemoAndLibCode\target_1186\SourceCode\V1.0.0\LIB_FOR_1186\Release\lib_utiliy.obj
Fun_Delay_10MS                   ROM              ---              024C              005A                G:\Git\DemoAndLibCode\target_1186\SourceCode\V1.0.0\LIB_FOR_1186\Release\lib_utiliy.obj
Fun_Delay_1MS                    ROM              ---              024E              005A                G:\Git\DemoAndLibCode\target_1186\SourceCode\V1.0.0\LIB_FOR_1186\Release\lib_utiliy.obj
Fun_Delay_2                      ROM              ---              0250              005A                G:\Git\DemoAndLibCode\target_1186\SourceCode\V1.0.0\LIB_FOR_1186\Release\lib_utiliy.obj
Fun_Delay_20MS                   ROM              ---              024A              005A                G:\Git\DemoAndLibCode\target_1186\SourceCode\V1.0.0\LIB_FOR_1186\Release\lib_utiliy.obj
Fun_Delay_2_LOOP                 ROM              ---              0252              005A                G:\Git\DemoAndLibCode\target_1186\SourceCode\V1.0.0\LIB_FOR_1186\Release\lib_utiliy.obj
Fun_Delay_40MS                   ROM              ---              0248              005A                G:\Git\DemoAndLibCode\target_1186\SourceCode\V1.0.0\LIB_FOR_1186\Release\lib_utiliy.obj
Fun_Delay_MS_comm                ROM              ---              024F              005A                G:\Git\DemoAndLibCode\target_1186\SourceCode\V1.0.0\LIB_FOR_1186\Release\lib_utiliy.obj
Fun_GPIO_Init                    ROM              ---              0266              005A                G:\Git\DemoAndLibCode\target_1186\SourceCode\V1.0.0\LIB_FOR_1186\Release\lib_utiliy.obj
Fun_RAM_Zero                     ROM              ---              027D              005A                G:\Git\DemoAndLibCode\target_1186\SourceCode\V1.0.0\LIB_FOR_1186\Release\lib_utiliy.obj
Fun_RAM_Zero_Loop                ROM              ---              027E              005A                G:\Git\DemoAndLibCode\target_1186\SourceCode\V1.0.0\LIB_FOR_1186\Release\lib_utiliy.obj
Fun_SetCountZero                 ROM              ---              028E              005A                G:\Git\DemoAndLibCode\target_1186\SourceCode\V1.0.0\LIB_FOR_1186\Release\lib_utiliy.obj
Fun_SetZeroPoint                 ROM              ---              0288              005A                G:\Git\DemoAndLibCode\target_1186\SourceCode\V1.0.0\LIB_FOR_1186\Release\lib_utiliy.obj
Fun_power_Close                  ROM              ---              0264              005A                G:\Git\DemoAndLibCode\target_1186\SourceCode\V1.0.0\LIB_FOR_1186\Release\lib_utiliy.obj
Fun_power_Init                   ROM              ---              025B              005A                G:\Git\DemoAndLibCode\target_1186\SourceCode\V1.0.0\LIB_FOR_1186\Release\lib_utiliy.obj
BSRBank                          RAM               0               00CA              0005                G:\Git\DemoAndLibCode\target_1186\SourceCode\V1.0.0\LIB_FOR_1186\Release\lib_ISR.obj
Fsr0Bank                         RAM               0               00C8              0005                G:\Git\DemoAndLibCode\target_1186\SourceCode\V1.0.0\LIB_FOR_1186\Release\lib_ISR.obj
Fsr1Bank                         RAM               0               00C9              0005                G:\Git\DemoAndLibCode\target_1186\SourceCode\V1.0.0\LIB_FOR_1186\Release\lib_ISR.obj
ISR_ADC                          ROM              ---              02CB              006C                G:\Git\DemoAndLibCode\target_1186\SourceCode\V1.0.0\LIB_FOR_1186\Release\lib_ISR.obj
ISR_ADC_1                        ROM              ---              02DC              006C                G:\Git\DemoAndLibCode\target_1186\SourceCode\V1.0.0\LIB_FOR_1186\Release\lib_ISR.obj
ISR_ADC_2                        ROM              ---              02E4              006C                G:\Git\DemoAndLibCode\target_1186\SourceCode\V1.0.0\LIB_FOR_1186\Release\lib_ISR.obj
ISR_ADC_3                        ROM              ---              0306              006C                G:\Git\DemoAndLibCode\target_1186\SourceCode\V1.0.0\LIB_FOR_1186\Release\lib_ISR.obj
ISR_ADC_DIS3                     ROM              ---              02CF              006C                G:\Git\DemoAndLibCode\target_1186\SourceCode\V1.0.0\LIB_FOR_1186\Release\lib_ISR.obj
ISR_ADC_END                      ROM              ---              0307              006C                G:\Git\DemoAndLibCode\target_1186\SourceCode\V1.0.0\LIB_FOR_1186\Release\lib_ISR.obj
ISR_ADC_Shfit                    ROM              ---              02F1              006C                G:\Git\DemoAndLibCode\target_1186\SourceCode\V1.0.0\LIB_FOR_1186\Release\lib_ISR.obj
ISR_ADC_Shfit_LOOP               ROM              ---              02F5              006C                G:\Git\DemoAndLibCode\target_1186\SourceCode\V1.0.0\LIB_FOR_1186\Release\lib_ISR.obj
SYS_ISR_ADC                      ROM              ---              02CA              006C                G:\Git\DemoAndLibCode\target_1186\SourceCode\V1.0.0\LIB_FOR_1186\Release\lib_ISR.obj
SYS_ISR_ADC_EXIT                 ROM              ---              0307              006C                G:\Git\DemoAndLibCode\target_1186\SourceCode\V1.0.0\LIB_FOR_1186\Release\lib_ISR.obj
SYS_ISR_ENTRY                    ROM              ---              02A0              006C                G:\Git\DemoAndLibCode\target_1186\SourceCode\V1.0.0\LIB_FOR_1186\Release\lib_ISR.obj
SYS_ISR_ENTRY_EXIT               ROM              ---              02B7              006C                G:\Git\DemoAndLibCode\target_1186\SourceCode\V1.0.0\LIB_FOR_1186\Release\lib_ISR.obj
SYS_ISR_INT0                     ROM              ---              02C1              006C                G:\Git\DemoAndLibCode\target_1186\SourceCode\V1.0.0\LIB_FOR_1186\Release\lib_ISR.obj
SYS_ISR_INT0_EXIT                ROM              ---              02C3              006C                G:\Git\DemoAndLibCode\target_1186\SourceCode\V1.0.0\LIB_FOR_1186\Release\lib_ISR.obj
SYS_ISR_INT1                     ROM              ---              02C4              006C                G:\Git\DemoAndLibCode\target_1186\SourceCode\V1.0.0\LIB_FOR_1186\Release\lib_ISR.obj
SYS_ISR_INT1_EXIT                ROM              ---              02C6              006C                G:\Git\DemoAndLibCode\target_1186\SourceCode\V1.0.0\LIB_FOR_1186\Release\lib_ISR.obj
SYS_ISR_SourceCHK                ROM              ---              02A9              006C                G:\Git\DemoAndLibCode\target_1186\SourceCode\V1.0.0\LIB_FOR_1186\Release\lib_ISR.obj
SYS_ISR_TM                       ROM              ---              02C7              006C                G:\Git\DemoAndLibCode\target_1186\SourceCode\V1.0.0\LIB_FOR_1186\Release\lib_ISR.obj
SYS_ISR_TM_EXIT                  ROM              ---              02C9              006C                G:\Git\DemoAndLibCode\target_1186\SourceCode\V1.0.0\LIB_FOR_1186\Release\lib_ISR.obj
SYS_ISR_URR                      ROM              ---              0308              006C                G:\Git\DemoAndLibCode\target_1186\SourceCode\V1.0.0\LIB_FOR_1186\Release\lib_ISR.obj
SYS_ISR_URR_EXIT                 ROM              ---              0309              006C                G:\Git\DemoAndLibCode\target_1186\SourceCode\V1.0.0\LIB_FOR_1186\Release\lib_ISR.obj
SYS_ISR_URT                      ROM              ---              030A              006C                G:\Git\DemoAndLibCode\target_1186\SourceCode\V1.0.0\LIB_FOR_1186\Release\lib_ISR.obj
SYS_ISR_URT_EXIT                 ROM              ---              030B              006C                G:\Git\DemoAndLibCode\target_1186\SourceCode\V1.0.0\LIB_FOR_1186\Release\lib_ISR.obj
StatusBank                       RAM               0               00C7              0005                G:\Git\DemoAndLibCode\target_1186\SourceCode\V1.0.0\LIB_FOR_1186\Release\lib_ISR.obj
WorkRegBank                      RAM               0               00C6              0005                G:\Git\DemoAndLibCode\target_1186\SourceCode\V1.0.0\LIB_FOR_1186\Release\lib_ISR.obj
Fun_LCD_Close                    ROM              ---              0321              002E                G:\Git\DemoAndLibCode\target_1186\SourceCode\V1.0.0\LIB_FOR_1186\Release\lib_LCD.obj
Fun_LCD_Init                     ROM              ---              0318              002E                G:\Git\DemoAndLibCode\target_1186\SourceCode\V1.0.0\LIB_FOR_1186\Release\lib_LCD.obj
Fun_LCD_Load                     ROM              ---              0323              002E                G:\Git\DemoAndLibCode\target_1186\SourceCode\V1.0.0\LIB_FOR_1186\Release\lib_LCD.obj
Fun_LCD_Load_REG                 ROM              ---              032B              002E                G:\Git\DemoAndLibCode\target_1186\SourceCode\V1.0.0\LIB_FOR_1186\Release\lib_LCD.obj
Fun_LCD_Load_SetBits             ROM              ---              032A              002E                G:\Git\DemoAndLibCode\target_1186\SourceCode\V1.0.0\LIB_FOR_1186\Release\lib_LCD.obj
Table_Lcd_Num                    ROM              ---              030C              002E                G:\Git\DemoAndLibCode\target_1186\SourceCode\V1.0.0\LIB_FOR_1186\Release\lib_LCD.obj
Buffer0                          RAM               0               00CB              0010                G:\Git\DemoAndLibCode\target_1186\SourceCode\V1.0.0\LIB_FOR_1186\Release\lib_Math.obj
Buffer1                          RAM               0               00CC              0010                G:\Git\DemoAndLibCode\target_1186\SourceCode\V1.0.0\LIB_FOR_1186\Release\lib_Math.obj
Buffer2                          RAM               0               00CD              0010                G:\Git\DemoAndLibCode\target_1186\SourceCode\V1.0.0\LIB_FOR_1186\Release\lib_Math.obj
Buffer3                          RAM               0               00CE              0010                G:\Git\DemoAndLibCode\target_1186\SourceCode\V1.0.0\LIB_FOR_1186\Release\lib_Math.obj
Buffer4                          RAM               0               00CF              0010                G:\Git\DemoAndLibCode\target_1186\SourceCode\V1.0.0\LIB_FOR_1186\Release\lib_Math.obj
Buffer5                          RAM               0               00D0              0010                G:\Git\DemoAndLibCode\target_1186\SourceCode\V1.0.0\LIB_FOR_1186\Release\lib_Math.obj
Buffer6                          RAM               0               00D1              0010                G:\Git\DemoAndLibCode\target_1186\SourceCode\V1.0.0\LIB_FOR_1186\Release\lib_Math.obj
Fun_Math_Add2_2                  ROM              ---              033A              00FD                G:\Git\DemoAndLibCode\target_1186\SourceCode\V1.0.0\LIB_FOR_1186\Release\lib_Math.obj
Fun_Math_AdjustBcd               ROM              ---              042E              00FD                G:\Git\DemoAndLibCode\target_1186\SourceCode\V1.0.0\LIB_FOR_1186\Release\lib_Math.obj
Fun_Math_Div6_3                  ROM              ---              0360              00FD                G:\Git\DemoAndLibCode\target_1186\SourceCode\V1.0.0\LIB_FOR_1186\Release\lib_Math.obj
Fun_Math_Div6_3Loop              ROM              ---              0362              00FD                G:\Git\DemoAndLibCode\target_1186\SourceCode\V1.0.0\LIB_FOR_1186\Release\lib_Math.obj
Fun_Math_Div6_3Loop1             ROM              ---              037B              00FD                G:\Git\DemoAndLibCode\target_1186\SourceCode\V1.0.0\LIB_FOR_1186\Release\lib_Math.obj
Fun_Math_Div6_3_Rounded          ROM              ---              037E              00FD                G:\Git\DemoAndLibCode\target_1186\SourceCode\V1.0.0\LIB_FOR_1186\Release\lib_Math.obj
Fun_Math_Hex3_Bcd                ROM              ---              03C4              00FD                G:\Git\DemoAndLibCode\target_1186\SourceCode\V1.0.0\LIB_FOR_1186\Release\lib_Math.obj
Fun_Math_HexToBcdAdjustDec       ROM              ---              040F              00FD                G:\Git\DemoAndLibCode\target_1186\SourceCode\V1.0.0\LIB_FOR_1186\Release\lib_Math.obj
Fun_Math_HexToBcd_Loop           ROM              ---              03CC              00FD                G:\Git\DemoAndLibCode\target_1186\SourceCode\V1.0.0\LIB_FOR_1186\Release\lib_Math.obj
Fun_Math_Mul3_3                  ROM              ---              0397              00FD                G:\Git\DemoAndLibCode\target_1186\SourceCode\V1.0.0\LIB_FOR_1186\Release\lib_Math.obj
Fun_Math_Mul3_3Loop              ROM              ---              03A8              00FD                G:\Git\DemoAndLibCode\target_1186\SourceCode\V1.0.0\LIB_FOR_1186\Release\lib_Math.obj
Fun_Math_Mul3_3Loop1             ROM              ---              03BA              00FD                G:\Git\DemoAndLibCode\target_1186\SourceCode\V1.0.0\LIB_FOR_1186\Release\lib_Math.obj
Fun_Math_SpliteBcd               ROM              ---              03D8              00FD                G:\Git\DemoAndLibCode\target_1186\SourceCode\V1.0.0\LIB_FOR_1186\Release\lib_Math.obj
Fun_Math_Sub2_2                  ROM              ---              033F              00FD                G:\Git\DemoAndLibCode\target_1186\SourceCode\V1.0.0\LIB_FOR_1186\Release\lib_Math.obj
Fun_Math_Sub2_2_Neg              ROM              ---              0344              00FD                G:\Git\DemoAndLibCode\target_1186\SourceCode\V1.0.0\LIB_FOR_1186\Release\lib_Math.obj
Fun_Math_Sub3_3                  ROM              ---              034D              00FD                G:\Git\DemoAndLibCode\target_1186\SourceCode\V1.0.0\LIB_FOR_1186\Release\lib_Math.obj
Fun_Math_Sub3_3_Neg              ROM              ---              0354              00FD                G:\Git\DemoAndLibCode\target_1186\SourceCode\V1.0.0\LIB_FOR_1186\Release\lib_Math.obj
TempRam1                         RAM               0               00D2              0010                G:\Git\DemoAndLibCode\target_1186\SourceCode\V1.0.0\LIB_FOR_1186\Release\lib_Math.obj
TempRam11                        RAM               0               00D8              0010                G:\Git\DemoAndLibCode\target_1186\SourceCode\V1.0.0\LIB_FOR_1186\Release\lib_Math.obj
TempRam12                        RAM               0               00D9              0010                G:\Git\DemoAndLibCode\target_1186\SourceCode\V1.0.0\LIB_FOR_1186\Release\lib_Math.obj
TempRam13                        RAM               0               00DA              0010                G:\Git\DemoAndLibCode\target_1186\SourceCode\V1.0.0\LIB_FOR_1186\Release\lib_Math.obj
TempRam2                         RAM               0               00D3              0010                G:\Git\DemoAndLibCode\target_1186\SourceCode\V1.0.0\LIB_FOR_1186\Release\lib_Math.obj
TempRam3                         RAM               0               00D4              0010                G:\Git\DemoAndLibCode\target_1186\SourceCode\V1.0.0\LIB_FOR_1186\Release\lib_Math.obj
TempRam4                         RAM               0               00D5              0010                G:\Git\DemoAndLibCode\target_1186\SourceCode\V1.0.0\LIB_FOR_1186\Release\lib_Math.obj
TempRam5                         RAM               0               00D6              0010                G:\Git\DemoAndLibCode\target_1186\SourceCode\V1.0.0\LIB_FOR_1186\Release\lib_Math.obj
TempRam6                         RAM               0               00D7              0010                G:\Git\DemoAndLibCode\target_1186\SourceCode\V1.0.0\LIB_FOR_1186\Release\lib_Math.obj
*******************************************************************************************************************************************************************************************************************************************************************************************************************************************************************************************************************************************************************************************************************


*******************************************************************************************************************************************************************************************************************************************************************************************************************************************************************************************************************************************************************************************************************
*                                                 R A M   S E C T I O N    M A P                                                                                                                                                                                                                                                                                                                                                                                                                                  *
*******************************************************************************************************************************************************************************************************************************************************************************************************************************************************************************************************************************************************************************************************************
*    Section Name              Bank Number         Startting Address   Ending Address      Size      File Name                                                                                                                                                                                                                                                                                                                                                                                                    *
*******************************************************************************************************************************************************************************************************************************************************************************************************************************************************************************************************************************************************************************************************************
*    RAM_DEFINE_BANK0              0                    0080              0096             0017      G:\GIT\DEMOANDLIBCODE\TARGET_1186\SOURCECODE\V1.0.0\LIB_FOR_1186\RELEASE\SYS_MAIN.OBJ                                                                                                                                                                                                                                                                                                                        *
*    USER_LCD_RAM                  0                    0097              009B             0005      G:\GIT\DEMOANDLIBCODE\TARGET_1186\SOURCECODE\V1.0.0\LIB_FOR_1186\RELEASE\USER_LCD.OBJ                                                                                                                                                                                                                                                                                                                        *
*    lib_3W_CAL_RAM                0                    009C              00A1             0006      G:\GIT\DEMOANDLIBCODE\TARGET_1186\SOURCECODE\V1.0.0\LIB_FOR_1186\RELEASE\LIB_3WEIGHTCAL.OBJ                                                                                                                                                                                                                                                                                                                  *
*    lib_adc_pro_RAM               0                    00A2              00BD             001C      G:\GIT\DEMOANDLIBCODE\TARGET_1186\SOURCECODE\V1.0.0\LIB_FOR_1186\RELEASE\LIB_ADC.OBJ                                                                                                                                                                                                                                                                                                                         *
*    lib_GetCount_RAM              0                    00BE              00C5             0008      G:\GIT\DEMOANDLIBCODE\TARGET_1186\SOURCECODE\V1.0.0\LIB_FOR_1186\RELEASE\LIB_GETCOUNT.OBJ                                                                                                                                                                                                                                                                                                                    *
*    lib_ISR_RAM                   0                    00C6              00CA             0005      G:\GIT\DEMOANDLIBCODE\TARGET_1186\SOURCECODE\V1.0.0\LIB_FOR_1186\RELEASE\LIB_ISR.OBJ                                                                                                                                                                                                                                                                                                                         *
*    XCWK_Math_RAM                 0                    00CB              00DA             0010      G:\GIT\DEMOANDLIBCODE\TARGET_1186\SOURCECODE\V1.0.0\LIB_FOR_1186\RELEASE\LIB_MATH.OBJ                                                                                                                                                                                                                                                                                                                        *
*******************************************************************************************************************************************************************************************************************************************************************************************************************************************************************************************************************************************************************************************************************


*******************************************************************************************************************************************************************************************************************************************************************************************************************************************************************************************************************************************************************************************************************
*                                                 R O M   S E C T I O N    M A P                                                                                                                                                                                                                                                                                                                                                                                                                                  *
*******************************************************************************************************************************************************************************************************************************************************************************************************************************************************************************************************************************************************************************************************************
*    Section Name              Bank Number         Startting Address   Ending Address      Size      File Name                                                                                                                                                                                                                                                                                                                                                                                                    *
*******************************************************************************************************************************************************************************************************************************************************************************************************************************************************************************************************************************************************************************************************************
*    orgsec_0000                   ----                 0000              0001             0002      G:\GIT\DEMOANDLIBCODE\TARGET_1186\SOURCECODE\V1.0.0\LIB_FOR_1186\RELEASE\SYS_MAIN.OBJ                                                                                                                                                                                                                                                                                                                        *
*    orgsec_0008                   ----                 0004              0075             0072      G:\GIT\DEMOANDLIBCODE\TARGET_1186\SOURCECODE\V1.0.0\LIB_FOR_1186\RELEASE\SYS_MAIN.OBJ                                                                                                                                                                                                                                                                                                                        *
*    .text                         ----                 0076              008A             0015      G:\GIT\DEMOANDLIBCODE\TARGET_1186\SOURCECODE\V1.0.0\LIB_FOR_1186\RELEASE\SYS_POWERON.OBJ                                                                                                                                                                                                                                                                                                                     *
*    .text                         ----                 008B              0090             0006      G:\GIT\DEMOANDLIBCODE\TARGET_1186\SOURCECODE\V1.0.0\LIB_FOR_1186\RELEASE\USER_ISR.OBJ                                                                                                                                                                                                                                                                                                                        *
*    XCWK_Math_ROM                 ----                 0091              00D8             0048      G:\GIT\DEMOANDLIBCODE\TARGET_1186\SOURCECODE\V1.0.0\LIB_FOR_1186\RELEASE\USER_LCD.OBJ                                                                                                                                                                                                                                                                                                                        *
*    .text                         ----                 00D9              00DF             0007      G:\GIT\DEMOANDLIBCODE\TARGET_1186\SOURCECODE\V1.0.0\LIB_FOR_1186\RELEASE\SCALEGETZERO.OBJ                                                                                                                                                                                                                                                                                                                    *
*    .text                         ----                 00E0              00F6             0017      G:\GIT\DEMOANDLIBCODE\TARGET_1186\SOURCECODE\V1.0.0\LIB_FOR_1186\RELEASE\SCALEHANDLE_WEIGHT.OBJ                                                                                                                                                                                                                                                                                                              *
*    .text                         ----                 00F7              010E             0018      G:\GIT\DEMOANDLIBCODE\TARGET_1186\SOURCECODE\V1.0.0\LIB_FOR_1186\RELEASE\SCALEINIT.OBJ                                                                                                                                                                                                                                                                                                                       *
*    .text                         ----                 010F              015C             004E      G:\GIT\DEMOANDLIBCODE\TARGET_1186\SOURCECODE\V1.0.0\LIB_FOR_1186\RELEASE\SCALEMAIN.OBJ                                                                                                                                                                                                                                                                                                                       *
*    lib_adc_pro_ROM               ----                 015D              01EC             0090      G:\GIT\DEMOANDLIBCODE\TARGET_1186\SOURCECODE\V1.0.0\LIB_FOR_1186\RELEASE\LIB_ADC.OBJ                                                                                                                                                                                                                                                                                                                         *
*    lib_GetCount_ROM              ----                 01ED              0245             0059      G:\GIT\DEMOANDLIBCODE\TARGET_1186\SOURCECODE\V1.0.0\LIB_FOR_1186\RELEASE\LIB_GETCOUNT.OBJ                                                                                                                                                                                                                                                                                                                    *
*    lib_Delay_rom                 ----                 0246              029F             005A      G:\GIT\DEMOANDLIBCODE\TARGET_1186\SOURCECODE\V1.0.0\LIB_FOR_1186\RELEASE\LIB_UTILIY.OBJ                                                                                                                                                                                                                                                                                                                      *
*    lib_ISR_ROM                   ----                 02A0              030B             006C      G:\GIT\DEMOANDLIBCODE\TARGET_1186\SOURCECODE\V1.0.0\LIB_FOR_1186\RELEASE\LIB_ISR.OBJ                                                                                                                                                                                                                                                                                                                         *
*    XCWK_LCD_ROM                  ----                 030C              0339             002E      G:\GIT\DEMOANDLIBCODE\TARGET_1186\SOURCECODE\V1.0.0\LIB_FOR_1186\RELEASE\LIB_LCD.OBJ                                                                                                                                                                                                                                                                                                                         *
*    XCWK_Math_ROM                 ----                 033A              0436             00FD      G:\GIT\DEMOANDLIBCODE\TARGET_1186\SOURCECODE\V1.0.0\LIB_FOR_1186\RELEASE\LIB_MATH.OBJ                                                                                                                                                                                                                                                                                                                        *
*******************************************************************************************************************************************************************************************************************************************************************************************************************************************************************************************************************************************************************************************************************

                   Linker Output Filename :
                   Disk  Mapping Filename : G:\Git\DemoAndLibCode\target_1186\SourceCode\V1.0.0\LIB_FOR_1186\Release\LIB_FOR_1186.map
                   Symbol  Table FileName : G:\Git\DemoAndLibCode\target_1186\SourceCode\V1.0.0\LIB_FOR_1186\Release\LIB_FOR_1186.sbms

                   Linker Warnings : 0
                   Linker Errors   : 0
*******************************************************************************************************************************************************************************************************************************************************************************************************************************************************************************************************************************************************************************************************************
Stack function list:
Overlay function list:
*******************************************************************************************************************************************************************************************************************************************************************************************************************************************************************************************************************************************************************************************************************
*******************************************************************************************************************************************************************************************************************************************************************************************************************************************************************************************************************************************************************************************************************

*******************************************************************************************************************************************************************************************************************************************************************************************************************************************************************************************************************************************************************************************************************
*                                                 M E M O R Y    S T A T I S T I C S                                                                                                                                                                                                                                                                                                                                                                                                                              *
*******************************************************************************************************************************************************************************************************************************************************************************************************************************************************************************************************************************************************************************************************************
		Total ROM    =  4096 [0x1000] words
		Total RAM    =   256 [0x0100] bytes
		ROM   Used   =  1077 [0x0435] words (26.3%)
		RAM   Used   =    91 [0x005B] bytes (35.5%)
		Free  ROM    =  3019 [0x0BCB] words (73.7%)
		Free  RAM    =   165 [0x00A5] bytes (64.5%)
*******************************************************************************************************************************************************************************************************************************************************************************************************************************************************************************************************************************************************************************************************************
*******************************************************************************************************************************************************************************************************************************************************************************************************************************************************************************************************************************************************************************************************************
BANK              Used Size                     Total Size
  0             91 [0x05B] bytes             128 [0x080] bytes
  1              0 [0x000] bytes             128 [0x080] bytes
