Thursday, December 20, 15:25:44, 2018

                    CSLinker - Version 1.0.0.0
                    -------------------------------------------------------------

*******************************************************************************************************************************************************************************************************************************************************************************************************************************************************************************************************************************************************************************************************************
Global Symbol Name              Type             Bank             Value              Size                Filename
                                                                                                                                                                                                                                                                                                                                                                                                                                                                                                                   
CSCC_INT_FUNCTION_ADDRESS        ROM              ---              0000
CSCC_BANK0_INIT_TAB_START        ROM              ---              0000
CSCC_BANK0_INIT_TAB_SIZE         ROM              ---              0000
                                                                                                                                                                                                                                                                                                                                                                                                                                                                                                                   
*******************************************************************************************************************************************************************************************************************************************************************************************************************************************************************************************************************************************************************************************************************
Local Symbol Name               Type             Bank             Value              Size                Filename

SYS_ISR_ENTRY                    ROM              ---              0005              006A                E:\XCWK_CS_LIB\源码版本\V1.0.0\LIB_USE_1186\Release\LIB_USE_1186.obj
SYS_ISR_ENTRY_EXIT               ROM              ---              0005              006A                E:\XCWK_CS_LIB\源码版本\V1.0.0\LIB_USE_1186\Release\LIB_USE_1186.obj
SYS_MAIN_FLOW_CHK                ROM              ---              006D              006A                E:\XCWK_CS_LIB\源码版本\V1.0.0\LIB_USE_1186\Release\LIB_USE_1186.obj
SYS_MAIN_FLOW_END                ROM              ---              006D              006A                E:\XCWK_CS_LIB\源码版本\V1.0.0\LIB_USE_1186\Release\LIB_USE_1186.obj
SYS_MAIN_LOOP                    ROM              ---              006D              006A                E:\XCWK_CS_LIB\源码版本\V1.0.0\LIB_USE_1186\Release\LIB_USE_1186.obj
SYS_RESET                        ROM              ---              0006              006A                E:\XCWK_CS_LIB\源码版本\V1.0.0\LIB_USE_1186\Release\LIB_USE_1186.obj
SYS_RESET_PWR                    ROM              ---              0006              006A                E:\XCWK_CS_LIB\源码版本\V1.0.0\LIB_USE_1186\Release\LIB_USE_1186.obj
SYS_RESET_WDT                    ROM              ---              0006              006A                E:\XCWK_CS_LIB\源码版本\V1.0.0\LIB_USE_1186\Release\LIB_USE_1186.obj
SYS_START                        ROM              ---              000C              006A                E:\XCWK_CS_LIB\源码版本\V1.0.0\LIB_USE_1186\Release\LIB_USE_1186.obj
SYS_WAKEUP                       ROM              ---              000C              006A                E:\XCWK_CS_LIB\源码版本\V1.0.0\LIB_USE_1186\Release\LIB_USE_1186.obj
Buffer0                          RAM               0               0080              0010                C:\Users\ADMINI~1\AppData\Local\Temp\3420\XCWK_lib_math_v10\xcwk_Math.obj
Buffer1                          RAM               0               0081              0010                C:\Users\ADMINI~1\AppData\Local\Temp\3420\XCWK_lib_math_v10\xcwk_Math.obj
Buffer2                          RAM               0               0082              0010                C:\Users\ADMINI~1\AppData\Local\Temp\3420\XCWK_lib_math_v10\xcwk_Math.obj
Buffer3                          RAM               0               0083              0010                C:\Users\ADMINI~1\AppData\Local\Temp\3420\XCWK_lib_math_v10\xcwk_Math.obj
Buffer4                          RAM               0               0084              0010                C:\Users\ADMINI~1\AppData\Local\Temp\3420\XCWK_lib_math_v10\xcwk_Math.obj
Buffer5                          RAM               0               0085              0010                C:\Users\ADMINI~1\AppData\Local\Temp\3420\XCWK_lib_math_v10\xcwk_Math.obj
Buffer6                          RAM               0               0086              0010                C:\Users\ADMINI~1\AppData\Local\Temp\3420\XCWK_lib_math_v10\xcwk_Math.obj
Fun_Math_Add2_2                  ROM              ---              0074              00FD                C:\Users\ADMINI~1\AppData\Local\Temp\3420\XCWK_lib_math_v10\xcwk_Math.obj
Fun_Math_AdjustBcd               ROM              ---              0168              00FD                C:\Users\ADMINI~1\AppData\Local\Temp\3420\XCWK_lib_math_v10\xcwk_Math.obj
Fun_Math_Div6_3                  ROM              ---              009A              00FD                C:\Users\ADMINI~1\AppData\Local\Temp\3420\XCWK_lib_math_v10\xcwk_Math.obj
Fun_Math_Div6_3Loop              ROM              ---              009C              00FD                C:\Users\ADMINI~1\AppData\Local\Temp\3420\XCWK_lib_math_v10\xcwk_Math.obj
Fun_Math_Div6_3Loop1             ROM              ---              00B5              00FD                C:\Users\ADMINI~1\AppData\Local\Temp\3420\XCWK_lib_math_v10\xcwk_Math.obj
Fun_Math_Div6_3_Rounded          ROM              ---              00B8              00FD                C:\Users\ADMINI~1\AppData\Local\Temp\3420\XCWK_lib_math_v10\xcwk_Math.obj
Fun_Math_Hex3_Bcd                ROM              ---              00FE              00FD                C:\Users\ADMINI~1\AppData\Local\Temp\3420\XCWK_lib_math_v10\xcwk_Math.obj
Fun_Math_HexToBcdAdjustDec       ROM              ---              0149              00FD                C:\Users\ADMINI~1\AppData\Local\Temp\3420\XCWK_lib_math_v10\xcwk_Math.obj
Fun_Math_HexToBcd_Loop           ROM              ---              0106              00FD                C:\Users\ADMINI~1\AppData\Local\Temp\3420\XCWK_lib_math_v10\xcwk_Math.obj
Fun_Math_Mul3_3                  ROM              ---              00D1              00FD                C:\Users\ADMINI~1\AppData\Local\Temp\3420\XCWK_lib_math_v10\xcwk_Math.obj
Fun_Math_Mul3_3Loop              ROM              ---              00E2              00FD                C:\Users\ADMINI~1\AppData\Local\Temp\3420\XCWK_lib_math_v10\xcwk_Math.obj
Fun_Math_Mul3_3Loop1             ROM              ---              00F4              00FD                C:\Users\ADMINI~1\AppData\Local\Temp\3420\XCWK_lib_math_v10\xcwk_Math.obj
Fun_Math_SpliteBcd               ROM              ---              0112              00FD                C:\Users\ADMINI~1\AppData\Local\Temp\3420\XCWK_lib_math_v10\xcwk_Math.obj
Fun_Math_Sub2_2                  ROM              ---              0079              00FD                C:\Users\ADMINI~1\AppData\Local\Temp\3420\XCWK_lib_math_v10\xcwk_Math.obj
Fun_Math_Sub2_2_Neg              ROM              ---              007E              00FD                C:\Users\ADMINI~1\AppData\Local\Temp\3420\XCWK_lib_math_v10\xcwk_Math.obj
Fun_Math_Sub3_3                  ROM              ---              0087              00FD                C:\Users\ADMINI~1\AppData\Local\Temp\3420\XCWK_lib_math_v10\xcwk_Math.obj
Fun_Math_Sub3_3_Neg              ROM              ---              008E              00FD                C:\Users\ADMINI~1\AppData\Local\Temp\3420\XCWK_lib_math_v10\xcwk_Math.obj
TempRam1                         RAM               0               0087              0010                C:\Users\ADMINI~1\AppData\Local\Temp\3420\XCWK_lib_math_v10\xcwk_Math.obj
TempRam11                        RAM               0               008D              0010                C:\Users\ADMINI~1\AppData\Local\Temp\3420\XCWK_lib_math_v10\xcwk_Math.obj
TempRam12                        RAM               0               008E              0010                C:\Users\ADMINI~1\AppData\Local\Temp\3420\XCWK_lib_math_v10\xcwk_Math.obj
TempRam13                        RAM               0               008F              0010                C:\Users\ADMINI~1\AppData\Local\Temp\3420\XCWK_lib_math_v10\xcwk_Math.obj
TempRam2                         RAM               0               0088              0010                C:\Users\ADMINI~1\AppData\Local\Temp\3420\XCWK_lib_math_v10\xcwk_Math.obj
TempRam3                         RAM               0               0089              0010                C:\Users\ADMINI~1\AppData\Local\Temp\3420\XCWK_lib_math_v10\xcwk_Math.obj
TempRam4                         RAM               0               008A              0010                C:\Users\ADMINI~1\AppData\Local\Temp\3420\XCWK_lib_math_v10\xcwk_Math.obj
TempRam5                         RAM               0               008B              0010                C:\Users\ADMINI~1\AppData\Local\Temp\3420\XCWK_lib_math_v10\xcwk_Math.obj
TempRam6                         RAM               0               008C              0010                C:\Users\ADMINI~1\AppData\Local\Temp\3420\XCWK_lib_math_v10\xcwk_Math.obj
*******************************************************************************************************************************************************************************************************************************************************************************************************************************************************************************************************************************************************************************************************************


*******************************************************************************************************************************************************************************************************************************************************************************************************************************************************************************************************************************************************************************************************************
*                                                 R A M   S E C T I O N    M A P                                                                                                                                                                                                                                                                                                                                                                                                                                  *
*******************************************************************************************************************************************************************************************************************************************************************************************************************************************************************************************************************************************************************************************************************
*    Section Name              Bank Number         Startting Address   Ending Address      Size      File Name                                                                                                                                                                                                                                                                                                                                                                                                    *
*******************************************************************************************************************************************************************************************************************************************************************************************************************************************************************************************************************************************************************************************************************
*    XCWK_Math_RAM                 0                    0080              008F             0010      C:\USERS\ADMINI~1\APPDATA\LOCAL\TEMP\3420\XCWK_LIB_MATH_V10\XCWK_MATH.OBJ                                                                                                                                                                                                                                                                                                                                    *
*******************************************************************************************************************************************************************************************************************************************************************************************************************************************************************************************************************************************************************************************************************


*******************************************************************************************************************************************************************************************************************************************************************************************************************************************************************************************************************************************************************************************************************
*                                                 R O M   S E C T I O N    M A P                                                                                                                                                                                                                                                                                                                                                                                                                                  *
*******************************************************************************************************************************************************************************************************************************************************************************************************************************************************************************************************************************************************************************************************************
*    Section Name              Bank Number         Startting Address   Ending Address      Size      File Name                                                                                                                                                                                                                                                                                                                                                                                                    *
*******************************************************************************************************************************************************************************************************************************************************************************************************************************************************************************************************************************************************************************************************************
*    orgsec_0000                   ----                 0000              0001             0002      E:\XCWK_CS_LIB\源码版本\V1.0.0\LIB_USE_1186\RELEASE\LIB_USE_1186.OBJ                                                                                                                                                                                                                                                                                                                                         *
*    orgsec_0008                   ----                 0004              006D             006A      E:\XCWK_CS_LIB\源码版本\V1.0.0\LIB_USE_1186\RELEASE\LIB_USE_1186.OBJ                                                                                                                                                                                                                                                                                                                                         *
*    .text                         ----                 006E              0073             0006      E:\XCWK_CS_LIB\源码版本\V1.0.0\LIB_USE_1186\RELEASE\POWER_ON.OBJ                                                                                                                                                                                                                                                                                                                                             *
*    XCWK_Math_ROM                 ----                 0074              0170             00FD      C:\USERS\ADMINI~1\APPDATA\LOCAL\TEMP\3420\XCWK_LIB_MATH_V10\XCWK_MATH.OBJ                                                                                                                                                                                                                                                                                                                                    *
*******************************************************************************************************************************************************************************************************************************************************************************************************************************************************************************************************************************************************************************************************************

                   Linker Output Filename :
                   Disk  Mapping Filename : E:\XCWK_CS_LIB\源码版本\V1.0.0\LIB_USE_1186\Release\LIB_USE_1186.map
                   Symbol  Table FileName : E:\XCWK_CS_LIB\源码版本\V1.0.0\LIB_USE_1186\Release\LIB_USE_1186.sbms

                   Linker Warnings : 0
                   Linker Errors   : 0
*******************************************************************************************************************************************************************************************************************************************************************************************************************************************************************************************************************************************************************************************************************
Stack function list:
Overlay function list:
*******************************************************************************************************************************************************************************************************************************************************************************************************************************************************************************************************************************************************************************************************************
*******************************************************************************************************************************************************************************************************************************************************************************************************************************************************************************************************************************************************************************************************************

*******************************************************************************************************************************************************************************************************************************************************************************************************************************************************************************************************************************************************************************************************************
*                                                 M E M O R Y    S T A T I S T I C S                                                                                                                                                                                                                                                                                                                                                                                                                              *
*******************************************************************************************************************************************************************************************************************************************************************************************************************************************************************************************************************************************************************************************************************
		Total ROM    =  4096 [0x1000] words
		Total RAM    =   256 [0x0100] bytes
		ROM   Used   =   367 [0x016F] words (9.0%)
		RAM   Used   =    16 [0x0010] bytes (6.3%)
		Free  ROM    =  3729 [0x0E91] words (91.0%)
		Free  RAM    =   240 [0x00F0] bytes (93.8%)
*******************************************************************************************************************************************************************************************************************************************************************************************************************************************************************************************************************************************************************************************************************
*******************************************************************************************************************************************************************************************************************************************************************************************************************************************************************************************************************************************************************************************************************
BANK              Used Size                     Total Size
  0             16 [0x010] bytes             128 [0x080] bytes
  1              0 [0x000] bytes             128 [0x080] bytes
