Saturday, December 22, 09:38:34, 2018

                    CSLinker - Version 1.0.0.0
                    -------------------------------------------------------------

*******************************************************************************************************************************************************************************************************************************************************************************************************************************************************************************************************************************************************************************************************************
Global Symbol Name              Type             Bank             Value              Size                Filename
                                                                                                                                                                                                                                                                                                                                                                                                                                                                                                                   
CSCC_INT_FUNCTION_ADDRESS        ROM              ---              0000
CSCC_BANK0_INIT_TAB_START        ROM              ---              0000
CSCC_BANK0_INIT_TAB_SIZE         ROM              ---              0000
                                                                                                                                                                                                                                                                                                                                                                                                                                                                                                                   
*******************************************************************************************************************************************************************************************************************************************************************************************************************************************************************************************************************************************************************************************************************
Local Symbol Name               Type             Bank             Value              Size                Filename

SYS_ISR_ENTRY                    ROM              ---              0005              0005                E:\XCWK_CS_LIB\源码版本\V1.0.0\LIB_FOR_1186\Release\LIB_FOR_1186.obj
SYS_ISR_ENTRY_EXIT               ROM              ---              0005              0005                E:\XCWK_CS_LIB\源码版本\V1.0.0\LIB_FOR_1186\Release\LIB_FOR_1186.obj
SYS_MAIN_FLOW_CHK                ROM              ---              0008              0005                E:\XCWK_CS_LIB\源码版本\V1.0.0\LIB_FOR_1186\Release\LIB_FOR_1186.obj
SYS_MAIN_FLOW_END                ROM              ---              0008              0005                E:\XCWK_CS_LIB\源码版本\V1.0.0\LIB_FOR_1186\Release\LIB_FOR_1186.obj
SYS_MAIN_LOOP                    ROM              ---              0008              0005                E:\XCWK_CS_LIB\源码版本\V1.0.0\LIB_FOR_1186\Release\LIB_FOR_1186.obj
SYS_RESET                        ROM              ---              0006              0005                E:\XCWK_CS_LIB\源码版本\V1.0.0\LIB_FOR_1186\Release\LIB_FOR_1186.obj
SYS_RESET_PWR                    ROM              ---              0006              0005                E:\XCWK_CS_LIB\源码版本\V1.0.0\LIB_FOR_1186\Release\LIB_FOR_1186.obj
SYS_RESET_WDT                    ROM              ---              0006              0005                E:\XCWK_CS_LIB\源码版本\V1.0.0\LIB_FOR_1186\Release\LIB_FOR_1186.obj
SYS_START                        ROM              ---              0008              0005                E:\XCWK_CS_LIB\源码版本\V1.0.0\LIB_FOR_1186\Release\LIB_FOR_1186.obj
SYS_WAKEUP                       ROM              ---              0008              0005                E:\XCWK_CS_LIB\源码版本\V1.0.0\LIB_FOR_1186\Release\LIB_FOR_1186.obj
Sys_PowerOn_ClrRam0              ROM              ---              0008              0005                E:\XCWK_CS_LIB\源码版本\V1.0.0\LIB_FOR_1186\Release\LIB_FOR_1186.obj
Sys_PowerOn_ClrRam0_Loop         ROM              ---              0008              0005                E:\XCWK_CS_LIB\源码版本\V1.0.0\LIB_FOR_1186\Release\LIB_FOR_1186.obj
Sys_PowerOn_ClrRam1              ROM              ---              0008              0005                E:\XCWK_CS_LIB\源码版本\V1.0.0\LIB_FOR_1186\Release\LIB_FOR_1186.obj
Sys_PowerOn_ClrRam1_Loop         ROM              ---              0008              0005                E:\XCWK_CS_LIB\源码版本\V1.0.0\LIB_FOR_1186\Release\LIB_FOR_1186.obj
Sys_PowerOn_Entry                ROM              ---              0006              0005                E:\XCWK_CS_LIB\源码版本\V1.0.0\LIB_FOR_1186\Release\LIB_FOR_1186.obj
Sys_PowerOn_Exit                 ROM              ---              0008              0005                E:\XCWK_CS_LIB\源码版本\V1.0.0\LIB_FOR_1186\Release\LIB_FOR_1186.obj
Sys_PowerOn_INIT_CLK             ROM              ---              0008              0005                E:\XCWK_CS_LIB\源码版本\V1.0.0\LIB_FOR_1186\Release\LIB_FOR_1186.obj
Sys_PowerOn_INIT_IO              ROM              ---              0008              0005                E:\XCWK_CS_LIB\源码版本\V1.0.0\LIB_FOR_1186\Release\LIB_FOR_1186.obj
Sys_PowerOn_ClrRam0              ROM              ---              0004              0002                E:\XCWK_CS_LIB\源码版本\V1.0.0\LIB_FOR_1186\Release\Sys_PowerOn.obj
Sys_PowerOn_ClrRam0_Loop         ROM              ---              0004              0002                E:\XCWK_CS_LIB\源码版本\V1.0.0\LIB_FOR_1186\Release\Sys_PowerOn.obj
Sys_PowerOn_ClrRam1              ROM              ---              0004              0002                E:\XCWK_CS_LIB\源码版本\V1.0.0\LIB_FOR_1186\Release\Sys_PowerOn.obj
Sys_PowerOn_ClrRam1_Loop         ROM              ---              0004              0002                E:\XCWK_CS_LIB\源码版本\V1.0.0\LIB_FOR_1186\Release\Sys_PowerOn.obj
Sys_PowerOn_Entry                ROM              ---              0002              0002                E:\XCWK_CS_LIB\源码版本\V1.0.0\LIB_FOR_1186\Release\Sys_PowerOn.obj
Sys_PowerOn_Exit                 ROM              ---              0004              0002                E:\XCWK_CS_LIB\源码版本\V1.0.0\LIB_FOR_1186\Release\Sys_PowerOn.obj
Sys_PowerOn_INIT_CLK             ROM              ---              0004              0002                E:\XCWK_CS_LIB\源码版本\V1.0.0\LIB_FOR_1186\Release\Sys_PowerOn.obj
Sys_PowerOn_INIT_IO              ROM              ---              0004              0002                E:\XCWK_CS_LIB\源码版本\V1.0.0\LIB_FOR_1186\Release\Sys_PowerOn.obj
Display1                         RAM               0               0080              0005                E:\XCWK_CS_LIB\源码版本\V1.0.0\LIB_FOR_1186\Release\user_LCD.obj
Display2                         RAM               0               0081              0005                E:\XCWK_CS_LIB\源码版本\V1.0.0\LIB_FOR_1186\Release\user_LCD.obj
Display3                         RAM               0               0082              0005                E:\XCWK_CS_LIB\源码版本\V1.0.0\LIB_FOR_1186\Release\user_LCD.obj
Display4                         RAM               0               0083              0005                E:\XCWK_CS_LIB\源码版本\V1.0.0\LIB_FOR_1186\Release\user_LCD.obj
Display5                         RAM               0               0084              0005                E:\XCWK_CS_LIB\源码版本\V1.0.0\LIB_FOR_1186\Release\user_LCD.obj
Fun_LCD_CommBuff                 ROM              ---              000C              0048                E:\XCWK_CS_LIB\源码版本\V1.0.0\LIB_FOR_1186\Release\user_LCD.obj
Fun_LCD_ResetAllBuf              ROM              ---              000B              0048                E:\XCWK_CS_LIB\源码版本\V1.0.0\LIB_FOR_1186\Release\user_LCD.obj
Fun_LCD_SetAllBuf                ROM              ---              0009              0048                E:\XCWK_CS_LIB\源码版本\V1.0.0\LIB_FOR_1186\Release\user_LCD.obj
Fun_LCD_USER_SetBits             ROM              ---              0012              0048                E:\XCWK_CS_LIB\源码版本\V1.0.0\LIB_FOR_1186\Release\user_LCD.obj
Fun_LCD_USER_SetBits_END         ROM              ---              0050              0048                E:\XCWK_CS_LIB\源码版本\V1.0.0\LIB_FOR_1186\Release\user_LCD.obj
Fun_LCD_Close                    ROM              ---              0068              0030                E:\XCWK_CS_LIB\源码版本\V1.0.0\LIB_FOR_1186\Release\lib_LCD.obj
Fun_LCD_Init                     ROM              ---              005D              0030                E:\XCWK_CS_LIB\源码版本\V1.0.0\LIB_FOR_1186\Release\lib_LCD.obj
Fun_LCD_Load                     ROM              ---              006A              0030                E:\XCWK_CS_LIB\源码版本\V1.0.0\LIB_FOR_1186\Release\lib_LCD.obj
Fun_LCD_Load_REG                 ROM              ---              0072              0030                E:\XCWK_CS_LIB\源码版本\V1.0.0\LIB_FOR_1186\Release\lib_LCD.obj
Fun_LCD_Load_SetBits             ROM              ---              0071              0030                E:\XCWK_CS_LIB\源码版本\V1.0.0\LIB_FOR_1186\Release\lib_LCD.obj
Table_Lcd_Num                    ROM              ---              0051              0030                E:\XCWK_CS_LIB\源码版本\V1.0.0\LIB_FOR_1186\Release\lib_LCD.obj
Buffer0                          RAM               0               0085              0010                E:\XCWK_CS_LIB\源码版本\V1.0.0\LIB_FOR_1186\Release\lib_Math.obj
Buffer1                          RAM               0               0086              0010                E:\XCWK_CS_LIB\源码版本\V1.0.0\LIB_FOR_1186\Release\lib_Math.obj
Buffer2                          RAM               0               0087              0010                E:\XCWK_CS_LIB\源码版本\V1.0.0\LIB_FOR_1186\Release\lib_Math.obj
Buffer3                          RAM               0               0088              0010                E:\XCWK_CS_LIB\源码版本\V1.0.0\LIB_FOR_1186\Release\lib_Math.obj
Buffer4                          RAM               0               0089              0010                E:\XCWK_CS_LIB\源码版本\V1.0.0\LIB_FOR_1186\Release\lib_Math.obj
Buffer5                          RAM               0               008A              0010                E:\XCWK_CS_LIB\源码版本\V1.0.0\LIB_FOR_1186\Release\lib_Math.obj
Buffer6                          RAM               0               008B              0010                E:\XCWK_CS_LIB\源码版本\V1.0.0\LIB_FOR_1186\Release\lib_Math.obj
Fun_Math_Add2_2                  ROM              ---              0081              00FD                E:\XCWK_CS_LIB\源码版本\V1.0.0\LIB_FOR_1186\Release\lib_Math.obj
Fun_Math_AdjustBcd               ROM              ---              0175              00FD                E:\XCWK_CS_LIB\源码版本\V1.0.0\LIB_FOR_1186\Release\lib_Math.obj
Fun_Math_Div6_3                  ROM              ---              00A7              00FD                E:\XCWK_CS_LIB\源码版本\V1.0.0\LIB_FOR_1186\Release\lib_Math.obj
Fun_Math_Div6_3Loop              ROM              ---              00A9              00FD                E:\XCWK_CS_LIB\源码版本\V1.0.0\LIB_FOR_1186\Release\lib_Math.obj
Fun_Math_Div6_3Loop1             ROM              ---              00C2              00FD                E:\XCWK_CS_LIB\源码版本\V1.0.0\LIB_FOR_1186\Release\lib_Math.obj
Fun_Math_Div6_3_Rounded          ROM              ---              00C5              00FD                E:\XCWK_CS_LIB\源码版本\V1.0.0\LIB_FOR_1186\Release\lib_Math.obj
Fun_Math_Hex3_Bcd                ROM              ---              010B              00FD                E:\XCWK_CS_LIB\源码版本\V1.0.0\LIB_FOR_1186\Release\lib_Math.obj
Fun_Math_HexToBcdAdjustDec       ROM              ---              0156              00FD                E:\XCWK_CS_LIB\源码版本\V1.0.0\LIB_FOR_1186\Release\lib_Math.obj
Fun_Math_HexToBcd_Loop           ROM              ---              0113              00FD                E:\XCWK_CS_LIB\源码版本\V1.0.0\LIB_FOR_1186\Release\lib_Math.obj
Fun_Math_Mul3_3                  ROM              ---              00DE              00FD                E:\XCWK_CS_LIB\源码版本\V1.0.0\LIB_FOR_1186\Release\lib_Math.obj
Fun_Math_Mul3_3Loop              ROM              ---              00EF              00FD                E:\XCWK_CS_LIB\源码版本\V1.0.0\LIB_FOR_1186\Release\lib_Math.obj
Fun_Math_Mul3_3Loop1             ROM              ---              0101              00FD                E:\XCWK_CS_LIB\源码版本\V1.0.0\LIB_FOR_1186\Release\lib_Math.obj
Fun_Math_SpliteBcd               ROM              ---              011F              00FD                E:\XCWK_CS_LIB\源码版本\V1.0.0\LIB_FOR_1186\Release\lib_Math.obj
Fun_Math_Sub2_2                  ROM              ---              0086              00FD                E:\XCWK_CS_LIB\源码版本\V1.0.0\LIB_FOR_1186\Release\lib_Math.obj
Fun_Math_Sub2_2_Neg              ROM              ---              008B              00FD                E:\XCWK_CS_LIB\源码版本\V1.0.0\LIB_FOR_1186\Release\lib_Math.obj
Fun_Math_Sub3_3                  ROM              ---              0094              00FD                E:\XCWK_CS_LIB\源码版本\V1.0.0\LIB_FOR_1186\Release\lib_Math.obj
Fun_Math_Sub3_3_Neg              ROM              ---              009B              00FD                E:\XCWK_CS_LIB\源码版本\V1.0.0\LIB_FOR_1186\Release\lib_Math.obj
TempRam1                         RAM               0               008C              0010                E:\XCWK_CS_LIB\源码版本\V1.0.0\LIB_FOR_1186\Release\lib_Math.obj
TempRam11                        RAM               0               0092              0010                E:\XCWK_CS_LIB\源码版本\V1.0.0\LIB_FOR_1186\Release\lib_Math.obj
TempRam12                        RAM               0               0093              0010                E:\XCWK_CS_LIB\源码版本\V1.0.0\LIB_FOR_1186\Release\lib_Math.obj
TempRam13                        RAM               0               0094              0010                E:\XCWK_CS_LIB\源码版本\V1.0.0\LIB_FOR_1186\Release\lib_Math.obj
TempRam2                         RAM               0               008D              0010                E:\XCWK_CS_LIB\源码版本\V1.0.0\LIB_FOR_1186\Release\lib_Math.obj
TempRam3                         RAM               0               008E              0010                E:\XCWK_CS_LIB\源码版本\V1.0.0\LIB_FOR_1186\Release\lib_Math.obj
TempRam4                         RAM               0               008F              0010                E:\XCWK_CS_LIB\源码版本\V1.0.0\LIB_FOR_1186\Release\lib_Math.obj
TempRam5                         RAM               0               0090              0010                E:\XCWK_CS_LIB\源码版本\V1.0.0\LIB_FOR_1186\Release\lib_Math.obj
TempRam6                         RAM               0               0091              0010                E:\XCWK_CS_LIB\源码版本\V1.0.0\LIB_FOR_1186\Release\lib_Math.obj
*******************************************************************************************************************************************************************************************************************************************************************************************************************************************************************************************************************************************************************************************************************


*******************************************************************************************************************************************************************************************************************************************************************************************************************************************************************************************************************************************************************************************************************
*                                                 R A M   S E C T I O N    M A P                                                                                                                                                                                                                                                                                                                                                                                                                                  *
*******************************************************************************************************************************************************************************************************************************************************************************************************************************************************************************************************************************************************************************************************************
*    Section Name              Bank Number         Startting Address   Ending Address      Size      File Name                                                                                                                                                                                                                                                                                                                                                                                                    *
*******************************************************************************************************************************************************************************************************************************************************************************************************************************************************************************************************************************************************************************************************************
*    USER_LCD_RAM                  0                    0080              0084             0005      E:\XCWK_CS_LIB\源码版本\V1.0.0\LIB_FOR_1186\RELEASE\USER_LCD.OBJ                                                                                                                                                                                                                                                                                                                                             *
*    XCWK_Math_RAM                 0                    0085              0094             0010      E:\XCWK_CS_LIB\源码版本\V1.0.0\LIB_FOR_1186\RELEASE\LIB_MATH.OBJ                                                                                                                                                                                                                                                                                                                                             *
*******************************************************************************************************************************************************************************************************************************************************************************************************************************************************************************************************************************************************************************************************************


*******************************************************************************************************************************************************************************************************************************************************************************************************************************************************************************************************************************************************************************************************************
*                                                 R O M   S E C T I O N    M A P                                                                                                                                                                                                                                                                                                                                                                                                                                  *
*******************************************************************************************************************************************************************************************************************************************************************************************************************************************************************************************************************************************************************************************************************
*    Section Name              Bank Number         Startting Address   Ending Address      Size      File Name                                                                                                                                                                                                                                                                                                                                                                                                    *
*******************************************************************************************************************************************************************************************************************************************************************************************************************************************************************************************************************************************************************************************************************
*    orgsec_0000                   ----                 0000              0001             0002      E:\XCWK_CS_LIB\源码版本\V1.0.0\LIB_FOR_1186\RELEASE\LIB_FOR_1186.OBJ                                                                                                                                                                                                                                                                                                                                         *
*    .text                         ----                 0002              0003             0002      E:\XCWK_CS_LIB\源码版本\V1.0.0\LIB_FOR_1186\RELEASE\SYS_POWERON.OBJ                                                                                                                                                                                                                                                                                                                                          *
*    orgsec_0008                   ----                 0004              0008             0005      E:\XCWK_CS_LIB\源码版本\V1.0.0\LIB_FOR_1186\RELEASE\LIB_FOR_1186.OBJ                                                                                                                                                                                                                                                                                                                                         *
*    XCWK_Math_ROM                 ----                 0009              0050             0048      E:\XCWK_CS_LIB\源码版本\V1.0.0\LIB_FOR_1186\RELEASE\USER_LCD.OBJ                                                                                                                                                                                                                                                                                                                                             *
*    XCWK_LCD_ROM                  ----                 0051              0080             0030      E:\XCWK_CS_LIB\源码版本\V1.0.0\LIB_FOR_1186\RELEASE\LIB_LCD.OBJ                                                                                                                                                                                                                                                                                                                                              *
*    XCWK_Math_ROM                 ----                 0081              017D             00FD      E:\XCWK_CS_LIB\源码版本\V1.0.0\LIB_FOR_1186\RELEASE\LIB_MATH.OBJ                                                                                                                                                                                                                                                                                                                                             *
*******************************************************************************************************************************************************************************************************************************************************************************************************************************************************************************************************************************************************************************************************************

                   Linker Output Filename :
                   Disk  Mapping Filename : E:\XCWK_CS_LIB\源码版本\V1.0.0\LIB_FOR_1186\Release\LIB_FOR_1186.map
                   Symbol  Table FileName : E:\XCWK_CS_LIB\源码版本\V1.0.0\LIB_FOR_1186\Release\LIB_FOR_1186.sbms

                   Linker Warnings : 0
                   Linker Errors   : 0
*******************************************************************************************************************************************************************************************************************************************************************************************************************************************************************************************************************************************************************************************************************
Stack function list:
Overlay function list:
*******************************************************************************************************************************************************************************************************************************************************************************************************************************************************************************************************************************************************************************************************************
*******************************************************************************************************************************************************************************************************************************************************************************************************************************************************************************************************************************************************************************************************************

*******************************************************************************************************************************************************************************************************************************************************************************************************************************************************************************************************************************************************************************************************************
*                                                 M E M O R Y    S T A T I S T I C S                                                                                                                                                                                                                                                                                                                                                                                                                              *
*******************************************************************************************************************************************************************************************************************************************************************************************************************************************************************************************************************************************************************************************************************
		Total ROM    =  4096 [0x1000] words
		Total RAM    =   256 [0x0100] bytes
		ROM   Used   =   382 [0x017E] words (9.3%)
		RAM   Used   =    21 [0x0015] bytes (8.2%)
		Free  ROM    =  3714 [0x0E82] words (90.7%)
		Free  RAM    =   235 [0x00EB] bytes (91.8%)
*******************************************************************************************************************************************************************************************************************************************************************************************************************************************************************************************************************************************************************************************************************
*******************************************************************************************************************************************************************************************************************************************************************************************************************************************************************************************************************************************************************************************************************
BANK              Used Size                     Total Size
  0             21 [0x015] bytes             128 [0x080] bytes
  1              0 [0x000] bytes             128 [0x080] bytes
