Wednesday, January 02, 19:26:28, 2019

                    CSLinker - Version 1.0.0.0
                    -------------------------------------------------------------

*******************************************************************************************************************************************************************************************************************************************************************************************************************************************************************************************************************************************************************************************************************
Global Symbol Name              Type             Bank             Value              Size                Filename
                                                                                                                                                                                                                                                                                                                                                                                                                                                                                                                   
CSCC_INT_FUNCTION_ADDRESS        ROM              ---              0000
CSCC_BANK0_INIT_TAB_START        ROM              ---              0000
CSCC_BANK0_INIT_TAB_SIZE         ROM              ---              0000
                                                                                                                                                                                                                                                                                                                                                                                                                                                                                                                   
*******************************************************************************************************************************************************************************************************************************************************************************************************************************************************************************************************************************************************************************************************************
Local Symbol Name               Type             Bank             Value              Size                Filename

INT_FUNCTION                     ROM              ---              0000              0000                G:\Git\DemoAndLibCode\target_1186\SourceCode\V1.0.0\1186_K\Release\1186_K.obj
Prog_Start                       ROM              ---              0001              0001                G:\Git\DemoAndLibCode\target_1186\SourceCode\V1.0.0\1186_K\Release\1186_K.obj
*******************************************************************************************************************************************************************************************************************************************************************************************************************************************************************************************************************************************************************************************************************


*******************************************************************************************************************************************************************************************************************************************************************************************************************************************************************************************************************************************************************************************************************
*                                                 R A M   S E C T I O N    M A P                                                                                                                                                                                                                                                                                                                                                                                                                                  *
*******************************************************************************************************************************************************************************************************************************************************************************************************************************************************************************************************************************************************************************************************************
*    Section Name              Bank Number         Startting Address   Ending Address      Size      File Name                                                                                                                                                                                                                                                                                                                                                                                                    *
*******************************************************************************************************************************************************************************************************************************************************************************************************************************************************************************************************************************************************************************************************************
*******************************************************************************************************************************************************************************************************************************************************************************************************************************************************************************************************************************************************************************************************************


*******************************************************************************************************************************************************************************************************************************************************************************************************************************************************************************************************************************************************************************************************************
*                                                 R O M   S E C T I O N    M A P                                                                                                                                                                                                                                                                                                                                                                                                                                  *
*******************************************************************************************************************************************************************************************************************************************************************************************************************************************************************************************************************************************************************************************************************
*    Section Name              Bank Number         Startting Address   Ending Address      Size      File Name                                                                                                                                                                                                                                                                                                                                                                                                    *
*******************************************************************************************************************************************************************************************************************************************************************************************************************************************************************************************************************************************************************************************************************
*    CSCC_RES_VECT                 ----                 0000              0000             0001      G:\GIT\DEMOANDLIBCODE\TARGET_1186\SOURCECODE\V1.0.0\1186_K\RELEASE\1186_K.OBJ                                                                                                                                                                                                                                                                                                                                *
*    .text                         ----                 0001              0001             0001      G:\GIT\DEMOANDLIBCODE\TARGET_1186\SOURCECODE\V1.0.0\1186_K\RELEASE\1186_K.OBJ                                                                                                                                                                                                                                                                                                                                *
*    CSCC_INT_VECT                 ----                 0004              0004             0001      G:\GIT\DEMOANDLIBCODE\TARGET_1186\SOURCECODE\V1.0.0\1186_K\RELEASE\1186_K.OBJ                                                                                                                                                                                                                                                                                                                                *
*******************************************************************************************************************************************************************************************************************************************************************************************************************************************************************************************************************************************************************************************************************

                   Linker Output Filename :
                   Disk  Mapping Filename : G:\Git\DemoAndLibCode\target_1186\SourceCode\V1.0.0\1186_K\Release\1186_K.map
                   Symbol  Table FileName : G:\Git\DemoAndLibCode\target_1186\SourceCode\V1.0.0\1186_K\Release\1186_K.sbms

                   Linker Warnings : 0
                   Linker Errors   : 0
*******************************************************************************************************************************************************************************************************************************************************************************************************************************************************************************************************************************************************************************************************************
Stack function list:
Overlay function list:
*******************************************************************************************************************************************************************************************************************************************************************************************************************************************************************************************************************************************************************************************************************
*******************************************************************************************************************************************************************************************************************************************************************************************************************************************************************************************************************************************************************************************************************

*******************************************************************************************************************************************************************************************************************************************************************************************************************************************************************************************************************************************************************************************************************
*                                                 M E M O R Y    S T A T I S T I C S                                                                                                                                                                                                                                                                                                                                                                                                                              *
*******************************************************************************************************************************************************************************************************************************************************************************************************************************************************************************************************************************************************************************************************************
		Total ROM    =  4096 [0x1000] words
		Total RAM    =   256 [0x0100] bytes
		ROM   Used   =     3 [0x0003] words (0.1%)
		RAM   Used   =     0 [0x0000] bytes (0.0%)
		Free  ROM    =  4093 [0x0FFD] words (99.9%)
		Free  RAM    =   256 [0x0100] bytes (100.0%)
*******************************************************************************************************************************************************************************************************************************************************************************************************************************************************************************************************************************************************************************************************************
*******************************************************************************************************************************************************************************************************************************************************************************************************************************************************************************************************************************************************************************************************************
BANK              Used Size                     Total Size
  0              0 [0x000] bytes             128 [0x080] bytes
  1              0 [0x000] bytes             128 [0x080] bytes
